[INFO] Code tracing DISABLED (set SystemConfig.ENABLE_CODE_TRACING = True to enable)
[95m[AI][0m [2m05:42:20[0m - [96mINFO[0m - ЁЯФз ╨а╨╡╨│╨╕╤Б╤В╤А╨░╤Ж╨╕╤П [94mAI[0m endpoints...
[95m[AI][0m [2m05:42:20[0m - [96mINFO[0m - тЬЕ [94mAI[0m endpoints ╨╖╨░╤А╨╡╨│╨╕╤Б╤В╤А╨╕╤А╨╛╨▓╨░╨╜╤Л
[95m[BOTS][0m [2m05:42:20[0m - [96mINFO[0m - тЬЕ [94mAI[0m endpoints ╨╖╨░╤А╨╡╨│╨╕╤Б╤В╤А╨╕╤А╨╛╨▓╨░╨╜╤Л
[95m[BOTS][0m [2m05:42:20[0m - [96mINFO[0m - ЁЯФз ╨Ш╨╜╨╕╤Ж╨╕╨░╨╗╨╕╨╖╨░╤Ж╨╕╤П Bots Database...
[95m[BOTS][0m [2m05:42:20[0m - [96mINFO[0m - ЁЯФН ╨Я╤А╨╛╨▓╨╡╤А╨║╨░ ╤Ж╨╡╨╗╨╛╤Б╤В╨╜╨╛╤Б╤В╨╕ ╨С╨Ф...
[95m[BOTS][0m [2m05:42:20[0m - [2m[37mDEBUG[0m -    [1/4] ╨Я╤А╨╛╨▓╨╡╤А╨║╨░ ╤Б╤Г╤Й╨╡╤Б╤В╨▓╨╛╨▓╨░╨╜╨╕╤П ╨С╨Ф...
[95m[BOTS][0m [2m05:42:20[0m - [2m[37mDEBUG[0m -    [2/4] ╨Я╤А╨╛╨▓╨╡╤А╨║╨░ ╨▒╨╗╨╛╨║╨╕╤А╨╛╨▓╨║╨╕ ╨С╨Ф...
[95m[BOTS][0m [2m05:42:20[0m - [2m[37mDEBUG[0m -    [2/4] тЬЕ ╨С╨Ф ╨╜╨╡ ╨╖╨░╨▒╨╗╨╛╨║╨╕╤А╨╛╨▓╨░╨╜╨░
[95m[BOTS][0m [2m05:42:20[0m - [2m[37mDEBUG[0m -    [3/4] ╨Я╨╛╨┤╨║╨╗╤О╤З╨╡╨╜╨╕╨╡ ╨║ ╨С╨Ф ╨╕ ╨┐╤А╨╛╨▓╨╡╤А╨║╨░ ╤А╨╡╨╢╨╕╨╝╨░ ╨╢╤Г╤А╨╜╨░╨╗╨░...
[95m[BOTS][0m [2m05:42:20[0m - [2m[37mDEBUG[0m -    [3/4] ╨а╨░╨╖╨╝╨╡╤А ╨С╨Ф: 66.91 MB (0.07 GB)
[95m[BOTS][0m [2m05:42:20[0m - [2m[37mDEBUG[0m -    [3/4] ╨Я╤А╨╛╨▓╨╡╤А╨║╨░ ╤А╨╡╨╢╨╕╨╝╨░ ╨╢╤Г╤А╨╜╨░╨╗╨░...
[95m[BOTS][0m [2m05:42:20[0m - [2m[37mDEBUG[0m -    [3/4] ╨а╨╡╨╢╨╕╨╝ ╨╢╤Г╤А╨╜╨░╨╗╨░: wal
[95m[BOTS][0m [2m05:42:20[0m - [2m[37mDEBUG[0m -    [3/4] WAL ╤А╨╡╨╢╨╕╨╝ ╨╛╨▒╨╜╨░╤А╤Г╨╢╨╡╨╜, ╨▓╤Л╨┐╨╛╨╗╨╜╨╡╨╜╨╕╨╡ checkpoint...
[95m[BOTS][0m [2m05:42:20[0m - [2m[37mDEBUG[0m -    [3/4] тЬЕ Checkpoint ╨▓╤Л╨┐╨╛╨╗╨╜╨╡╨╜
[95m[BOTS][0m [2m05:42:20[0m - [2m[37mDEBUG[0m -    [4/4] ╨Я╨╛╨┤╨│╨╛╤В╨╛╨▓╨║╨░ ╨║ ╨┐╤А╨╛╨▓╨╡╤А╨║╨╡ ╤Ж╨╡╨╗╨╛╤Б╤В╨╜╨╛╤Б╤В╨╕...
[95m[BOTS][0m [2m05:42:20[0m - [2m[37mDEBUG[0m -    [4/4] ╨Ъ╨╛╨╗╨╕╤З╨╡╤Б╤В╨▓╨╛ ╤В╨░╨▒╨╗╨╕╤Ж ╨▓ ╨С╨Ф: 17
[95m[BOTS][0m [2m05:42:20[0m - [2m[37mDEBUG[0m -    [4/4] ╨г╤Б╤В╨░╨╜╨╛╨▓╨║╨░ PRAGMA busy_timeout = 2000...
[95m[BOTS][0m [2m05:42:20[0m - [2m[37mDEBUG[0m -    [4/4] тЬЕ busy_timeout ╤Г╤Б╤В╨░╨╜╨╛╨▓╨╗╨╡╨╜
[95m[BOTS][0m [2m05:42:20[0m - [2m[37mDEBUG[0m -    [4/4] тП│ ╨Э╨░╤З╨╕╨╜╨░╤О ╨▓╤Л╨┐╨╛╨╗╨╜╨╡╨╜╨╕╨╡ PRAGMA quick_check...
[95m[BOTS][0m [2m05:42:20[0m - [2m[37mDEBUG[0m -    [4/4] тП▒я╕П PRAGMA quick_check ╨▓╤Л╨┐╨╛╨╗╨╜╨╡╨╜ ╨╖╨░ 0.17 ╤Б╨╡╨║╤Г╨╜╨┤
[95m[BOTS][0m [2m05:42:20[0m - [2m[37mDEBUG[0m -    [4/4] ЁЯУК ╨а╨╡╨╖╤Г╨╗╤М╤В╨░╤В ╨┐╤А╨╛╨▓╨╡╤А╨║╨╕ ╨┐╨╛╨╗╤Г╤З╨╡╨╜: ok
[95m[BOTS][0m [2m05:42:20[0m - [2m[37mDEBUG[0m -    [4/4] тЬЕ ╨Я╤А╨╛╨▓╨╡╤А╨║╨░ ╤Ж╨╡╨╗╨╛╤Б╤В╨╜╨╛╤Б╤В╨╕ ╨┐╤А╨╛╨╣╨┤╨╡╨╜╨░ ╤Г╤Б╨┐╨╡╤И╨╜╨╛ (╨╖╨░╨╜╤П╨╗╨╛ 0.17s)
[95m[BOTS][0m [2m05:42:20[0m - [2m[37mDEBUG[0m -    [4/4] тЬЕ ╨б╨╛╨╡╨┤╨╕╨╜╨╡╨╜╨╕╨╡ ╤Б ╨С╨Ф ╨╖╨░╨║╤А╤Л╤В╨╛
[95m[BOTS][0m [2m05:42:20[0m - [2m[37mDEBUG[0m -    тЬЕ ╨Я╤А╨╛╨▓╨╡╤А╨║╨░ ╤Ж╨╡╨╗╨╛╤Б╤В╨╜╨╛╤Б╤В╨╕ ╨С╨Ф ╨╖╨░╨▓╨╡╤А╤И╨╡╨╜╨░ ╤Г╤Б╨┐╨╡╤И╨╜╨╛
[95m[BOTS][0m [2m05:42:20[0m - [2m[37mDEBUG[0m - тЬЕ ╨С╨Ф ╨┐╤А╨╛╨▓╨╡╤А╨╡╨╜╨░, ╤Ж╨╡╨╗╨╛╤Б╤В╨╜╨╛╤Б╤В╤М ╨▓ ╨┐╨╛╤А╤П╨┤╨║╨╡
[95m[BOTS][0m [2m05:42:20[0m - [2m[37mDEBUG[0m - тД╣я╕П ╨в╨░╨▒╨╗╨╕╤Ж╨░ bots_state ╨╜╨╡ ╤Б╤Г╤Й╨╡╤Б╤В╨▓╤Г╨╡╤В (╤Г╨╢╨╡ ╤Г╨┤╨░╨╗╨╡╨╜╨░ ╨╕╨╗╨╕ ╨╜╨╡ ╤Б╨╛╨╖╨┤╨░╨▓╨░╨╗╨░╤Б╤М)
[95m[BOTS][0m [2m05:42:20[0m - [2m[37mDEBUG[0m - тД╣я╕П candles_cache ╤Г╨╢╨╡ ╨▓ ╨╜╨╛╤А╨╝╨░╨╗╨╕╨╖╨╛╨▓╨░╨╜╨╜╨╛╨╝ ╤Д╨╛╤А╨╝╨░╤В╨╡
[95m[BOTS][0m [2m05:42:20[0m - [2m[37mDEBUG[0m - тД╣я╕П ╨в╨░╨▒╨╗╨╕╤Ж╨░ process_state ╤Г╨╢╨╡ ╨▓ ╨╜╨╛╤А╨╝╨░╨╗╨╕╨╖╨╛╨▓╨░╨╜╨╜╨╛╨╣ ╤Б╤В╤А╤Г╨║╤В╤Г╤А╨╡
[95m[BOTS][0m [2m05:42:20[0m - [2m[37mDEBUG[0m - тЬЕ ╨Т╤Б╨╡ ╤В╨░╨▒╨╗╨╕╤Ж╤Л ╨╕ ╨╕╨╜╨┤╨╡╨║╤Б╤Л ╨┐╤А╨╛╨▓╨╡╤А╨╡╨╜╤Л
[95m[BOTS][0m [2m05:42:20[0m - [96mINFO[0m - тЬЕ Bots Database ╨╕╨╜╨╕╤Ж╨╕╨░╨╗╨╕╨╖╨╕╤А╨╛╨▓╨░╨╜╨░: E:\Drive\[94mTRADEBOT[0m\InfoBot\data\bots_data.db
[95m[BOTS][0m [2m05:42:20[0m - [2m[37mDEBUG[0m - тД╣я╕П ╨Ь╨╕╨│╤А╨░╤Ж╨╕╤П ╨╕╨╖ JSON ╤Г╨╢╨╡ ╨▓╤Л╨┐╨╛╨╗╨╜╨╡╨╜╨░ (╤Д╨╗╨░╨│ ╨▓ ╨С╨Ф)
[95m[BOTS][0m [2m05:42:20[0m - [2m[37mDEBUG[0m - тД╣я╕П ╨Ь╨╕╨│╤А╨░╤Ж╨╕╤П ╨╜╨╡ ╤В╤А╨╡╨▒╤Г╨╡╤В╤Б╤П - ╨┤╨░╨╜╨╜╤Л╨╡ ╤Г╨╢╨╡ ╨╡╤Б╤В╤М ╨▓ ╨С╨Ф
[95m[BOTS][0m [2m05:42:20[0m - [2m[37mDEBUG[0m - тД╣я╕П ╨Ь╨╕╨│╤А╨░╤Ж╨╕╤П ╨╜╨╡ ╤В╤А╨╡╨▒╤Г╨╡╤В╤Б╤П (╨╜╨╡╤В ╨┤╨░╨╜╨╜╤Л╤Е ╨▓ JSON ╨╕╨╗╨╕ ╤Г╨╢╨╡ ╨╝╨╕╨│╤А╨╕╤А╨╛╨▓╨░╨╜╨╛)
[95m[BOTS][0m [2m05:42:20[0m - [2m[37mDEBUG[0m - тЬЕ Bots Database ╨┐╨╛╨┤╨║╨╗╤О╤З╨╡╨╜╨░ ╨┤╨╗╤П storage
[95m[BOTS][0m [2m05:42:20[0m - [96mINFO[0m - тЬЕ ╨Ч╨░╨│╤А╤Г╨╢╨╡╨╜╨╛ [96m532[0m ╨╖╤А╨╡╨╗╤Л╤Е ╨╝╨╛╨╜╨╡╤В ╨╕╨╖ ╨С╨Ф
[95m[BOTS][0m [2m05:42:20[0m - [96mINFO[0m -  тЬЕ ╨Ч╨░╨│╤А╤Г╨╢╨╡╨╜╨╛ [96m532[0m ╨╖╤А╨╡╨╗╤Л╤Е ╨╝╨╛╨╜╨╡╤В ╨╕╨╖ ╨С╨Ф
[95m[BOTS][0m [2m05:42:20[0m - [96mINFO[0m -  тЬЕ ╨Ч╨░╨│╤А╤Г╨╢╨╡╨╜╨╛ [96m532[0m ╨╖╤А╨╡╨╗╤Л╤Е ╨╝╨╛╨╜╨╡╤В ╨┐╤А╨╕ ╨╕╨╝╨┐╨╛╤А╤В╨╡
╨Ч╨░╨│╤А╤Г╨╖╨║╨░ ╨╝╨╛╨┤╤Г╨╗╨╡╨╣...
================================================================================
ЁЯФН ╨Я╨а╨Ю╨Т╨Х╨а╨Ъ╨Р ╨Я╨Ю╨а╨в╨Р 5001 (BOTS SERVICE)
================================================================================
ЁЯУН ╨в╨╡╨║╤Г╤Й╨╕╨╣ PID: 31996
тЪая╕П  ╨Я╨╛╤А╤В 5001 ╤Г╨╢╨╡ ╨╖╨░╨╜╤П╤В!

тЪая╕П  ╨Я╨Ю╨а╨в 5001 ╨Ч╨Р╨Э╨п╨в - ╨╕╤Й╨╡╨╝ ╨┐╤А╨╛╤Ж╨╡╤Б╤Б ╨║╨╛╤В╨╛╤А╤Л╨╣ ╨╡╨│╨╛ ╨╕╤Б╨┐╨╛╨╗╤М╨╖╤Г╨╡╤В...
ЁЯОп ╨Э╨░╨╣╨┤╨╡╨╜ ╨┐╤А╨╛╤Ж╨╡╤Б╤Б bots.py: PID 100976
ЁЯОп ╨Э╨░╨╣╨┤╨╡╨╜ ╨┐╤А╨╛╤Ж╨╡╤Б╤Б bots.py: PID 105184
ЁЯОп ╨Э╨░╨╣╨┤╨╡╨╜ ╨┐╤А╨╛╤Ж╨╡╤Б╤Б bots.py: PID 109116
ЁЯОп ╨Э╨░╨╣╨┤╨╡╨╜ ╨┐╤А╨╛╤Ж╨╡╤Б╤Б ╨╜╨░ ╨┐╨╛╤А╤В╤Г 5001:
   PID: 100976
   ╨Ъ╨╛╨╝╨░╨╜╨┤╨░: C:\Users\Evro\AppData\Local\Programs\Python\Python313\python.exe bots.py...

ЁЯФз ╨Ю╤Б╤В╨░╨╜╨░╨▓╨╗╨╕╨▓╨░╨╡╨╝ ╨┐╤А╨╛╤Ж╨╡╤Б╤Б 100976...
тЬЕ ╨Я╤А╨╛╤Ж╨╡╤Б╤Б 100976 ╨╛╤Б╤В╨░╨╜╨╛╨▓╨╗╨╡╨╜

тП│ ╨Ю╨╢╨╕╨┤╨░╨╜╨╕╨╡ ╨╛╤Б╨▓╨╛╨▒╨╛╨╢╨┤╨╡╨╜╨╕╤П ╨┐╨╛╤А╤В╨░ 5001...
тЬЕ ╨Я╨╛╤А╤В 5001 ╨╛╤Б╨▓╨╛╨▒╨╛╨╢╨┤╨╡╨╜
================================================================================
тЬЕ ╨Я╨а╨Ю╨Т╨Х╨а╨Ъ╨Р ╨Ч╨Р╨Т╨Х╨а╨и╨Х╨Э╨Р - ╨Я╨а╨Ю╨Ф╨Ю╨Ы╨Ц╨Р╨Х╨Ь ╨Ч╨Р╨Я╨г╨б╨Ъ
================================================================================

[95m[AI][0m [2m05:42:27[0m - [96mINFO[0m - ЁЯФз [94mAI[0m ╨╝╨╛╨┤╤Г╨╗╤М ╨╕╨╜╨╕╤Ж╨╕╨░╨╗╨╕╨╖╨╕╤А╨╛╨▓╨░╨╜ (╨│╨╗╨░╨▓╨╜╤Л╨╣ ╨┐╤А╨╛╤Ж╨╡╤Б╤Б)
[95m[AI][0m [2m05:42:27[0m - [96mINFO[0m - ЁЯУж ╨Ч╨░╨│╤А╤Г╨╖╨║╨░ [94mAI[0m ╨╝╨╛╨┤╤Г╨╗╨╡╨╣...
[95m[AI][0m [2m05:42:27[0m - [96mINFO[0m - тЬЕ [94mAI[0m ╨╝╨╛╨┤╤Г╨╗╨╕ ╤Г╤Б╨┐╨╡╤И╨╜╨╛ ╨╖╨░╨│╤А╤Г╨╢╨╡╨╜╤Л
[95m[AI][0m [2m05:42:27[0m - [96mINFO[0m - тЬЕ ╨б╤Г╤Й╨╡╤Б╤В╨▓╤Г╤О╤Й╨╕╨╡ [94mAI[0m ╨╝╨╛╨┤╤Г╨╗╨╕ ╨╛╨▒╨╜╨░╤А╤Г╨╢╨╡╨╜╤Л
[95m[AI][0m [2m05:42:27[0m - [96mINFO[0m - ЁЯФН ╨Я╤А╨╛╨▓╨╡╤А╨║╨░ ╤Ж╨╡╨╗╨╛╤Б╤В╨╜╨╛╤Б╤В╨╕ ╨С╨Ф...
[95m[AI][0m [2m05:42:28[0m - [96mINFO[0m - тЬЕ [94mAI[0m Database ╨╕╨╜╨╕╤Ж╨╕╨░╨╗╨╕╨╖╨╕╤А╨╛╨▓╨░╨╜╨░: E:\Drive\[94mTRADEBOT[0m\InfoBot\data\ai_data.db
[95m[BOTS][0m [2m05:42:28[0m - [96mINFO[0m - тЬЕ [94mAI[0m Database ╨┐╨╛╨┤╨║╨╗╤О╤З╨╡╨╜╨░ ╨▓ BotHistoryManager
[95m[BOTS][0m [2m05:42:28[0m - [96mINFO[0m - тЬЕ ╨Ч╨░╨│╤А╤Г╨╢╨╡╨╜╨╛ ╨╖╨░╨┐╨╕╤Б╨╡╨╣: [96m1000[0m ╨┤╨╡╨╣╤Б╤В╨▓╨╕╨╣, [96m0[0m ╤Б╨┤╨╡╨╗╨╛╨║
[95m[BOTS][0m [2m05:42:28[0m - [96mINFO[0m - тЬЕ ╨Ь╨╛╨┤╤Г╨╗╤М bot_history ╨╖╨░╨│╤А╤Г╨╢╨╡╨╜ ╤Г╤Б╨┐╨╡╤И╨╜╨╛
[95m[BOTS][0m [2m05:42:28[0m - [96mINFO[0m - тЬЕ ╨Т╤Б╨╡ ╨╝╨╛╨┤╤Г╨╗╨╕ ╨╖╨░╨│╤А╤Г╨╢╨╡╨╜╤Л
[95m[BOTS][0m [2m05:42:28[0m - [96mINFO[0m - тЪб ╨Ъ╤А╨╡╨┤╨╕╤В╨╜╨╛╨╡ ╨┐╨╗╨╡╤З╨╛ ╨╖╨░╨│╤А╤Г╨╢╨╡╨╜╨╛ ╨╕╨╖ bot_config.py: [96m10[0mx
[95m[BOTS][0m [2m05:42:28[0m - [2m[37mDEBUG[0m - ЁЯУВ ╨д╨╕╨╗╤М╤В╤А╤Л ╨╖╨░╨│╤А╤Г╨╢╨╡╨╜╤Л ╨╕╨╖ ╨С╨Ф: whitelist=0, blacklist=0, scope=all
[95m[BOTS][0m [2m05:42:28[0m - [2m[37mDEBUG[0m - ЁЯУВ ╨д╨╕╨╗╤М╤В╤А╤Л ╨╖╨░╨│╤А╤Г╨╢╨╡╨╜╤Л ╨╕╨╖ ╨С╨Ф: whitelist=0, blacklist=0
[95m[BOTS][0m [2m05:42:28[0m - [2m[37mDEBUG[0m - ЁЯУВ scope ╨╖╨░╨│╤А╤Г╨╢╨╡╨╜ ╨╕╨╖ ╤Д╨░╨╣╨╗╨░: all
[95m[BOTS][0m [2m05:42:28[0m - [96mINFO[0m - ================================================================================
[95m[BOTS][0m [2m05:42:28[0m - [96mINFO[0m - ЁЯФз ╨Ш╨╜╨╕╤Ж╨╕╨░╨╗╨╕╨╖╨░╤Ж╨╕╤П ╨▒╨╛╤В╨╛╨▓ ╨╜╨░╤З╨░╤В╨░ ╨▓ ╤Д╨╛╨╜╨╡...
[95m[BOTS][0m [2m05:42:28[0m - [96mINFO[0m - ЁЯЪА ╨Ч╨Р╨Я╨г╨б╨Ъ ╨б╨Ш╨б╨в╨Х╨Ь╨л [94mINFOBOT[0m
[95m[BOTS][0m [2m05:42:28[0m - [96mINFO[0m - тД╣я╕П Optimal [94mEMA[0m Worker ╨╛╤В╨║╨╗╤О╤З╨╡╨╜ (╨╜╨╡ ╨╕╤Б╨┐╨╛╨╗╤М╨╖╤Г╨╡╤В╤Б╤П)
[95m[BOTS][0m [2m05:42:28[0m - [96mINFO[0m - ================================================================================
[95m[BOTS][0m [2m05:42:28[0m - [96mINFO[0m - ЁЯУЕ ╨Ф╨░╤В╨░: [96m19.01[0m.[96m2026[0m [96m05[0m:[96m42[0m:[96m28[0m
[95m[BOTS][0m [2m05:42:28[0m - [96mINFO[0m - ЁЯФз ╨Т╨╡╤А╤Б╨╕╤П: [96m1.0[0m
[95m[BOTS][0m [2m05:42:28[0m - [96mINFO[0m -  ЁЯТ╛ ╨Ч╨░╨┐╤Г╤Б╨║ Auto Save Worker (╤Б╨╛╤Е╤А╨░╨╜╨╡╨╜╨╕╨╡ ╨║╨░╨╢╨┤╤Л╨╡ [96m30[0m ╤Б╨╡╨║╤Г╨╜╨┤)
[95m[BOTS][0m [2m05:42:28[0m - [96mINFO[0m - ================================================================================
[95m[BOTS][0m [2m05:42:28[0m - [96mINFO[0m - Auto Save Worker ╨╖╨░╨┐╤Г╤Й╨╡╨╜
[95m[BOTS][0m [2m05:42:28[0m - [96mINFO[0m -  ЁЯЪл Auto Bot Worker ╨╖╨░╨┐╤Г╤Й╨╡╨╜ ╨▓ ╤А╨╡╨╢╨╕╨╝╨╡ ╨╛╨╢╨╕╨┤╨░╨╜╨╕╤П
[95m[BOTS][0m [2m05:42:28[0m - [96mINFO[0m -  ЁЯТб ╨Р╨▓╤В╨╛╨▒╨╛╤В ╨Э╨Х ╨╖╨░╨┐╤Г╤Б╨║╨░╨╡╤В╤Б╤П ╨░╨▓╤В╨╛╨╝╨░╤В╨╕╤З╨╡╤Б╨║╨╕!
[95m[BOTS][0m [2m05:42:28[0m - [96mINFO[0m - Auto Bot Worker ╨╖╨░╨┐╤Г╤Й╨╡╨╜
[95m[BOTS][0m [2m05:42:28[0m - [96mINFO[0m -  ЁЯТб ╨Т╨║╨╗╤О╤З╨╕╤В╨╡ ╨╡╨│╨╛ ╨Т╨а╨г╨з╨Э╨г╨о ╤З╨╡╤А╨╡╨╖ [94mUI[0m ╨║╨╛╨│╨┤╨░ ╨▒╤Г╨┤╨╡╤В╨╡ ╨│╨╛╤В╨╛╨▓╤Л
[95m[BOTS][0m [2m05:42:28[0m - [96mINFO[0m -  тЬЕ ╨Р╨▓╤В╨╛╨▒╨╛╤В ╨▓╨║╨╗╤О╤З╨╡╨╜ ╨╕ ╨│╨╛╤В╨╛╨▓ ╨║ ╤А╨░╨▒╨╛╤В╨╡
[95m[BOTS][0m [2m05:42:28[0m - [96mINFO[0m -  ЁЯЪА ╨Ч╨░╨┐╤Г╤Б╨║ ╨╝╨╛╨╜╨╕╤В╨╛╤А╨╕╨╜╨│╨░ ╨┐╨╛╨╖╨╕╤Ж╨╕╨╣...
[95m[BOTS][0m [2m05:42:28[0m - [96mINFO[0m - ЁЯУК Positions Monitor Worker ╨╖╨░╨┐╤Г╤Й╨╡╨╜ (╨╛╨▒╨╜╨╛╨▓╨╗╨╡╨╜╨╕╨╡ ╨║╨░╨╢╨┤╤Л╨╡ [96m5[0m╤Б)
[95m[BOTS][0m [2m05:42:28[0m - [96mINFO[0m -  ЁЯФД ╨Т╤Е╨╛╨┤╨╕╨╝ ╨▓ ╨╛╤Б╨╜╨╛╨▓╨╜╨╛╨╣ ╤Ж╨╕╨║╨╗ (╨░╨▓╤В╨╛╨▒╨╛╤В ╨▓╤Л╨║╨╗╤О╤З╨╡╨╜, ╨╢╨┤╨╡╨╝ ╤А╤Г╤З╨╜╨╛╨│╨╛ ╨▓╨║╨╗╤О╤З╨╡╨╜╨╕╤П)...
[95m[BOTS][0m [2m05:42:28[0m - [96mINFO[0m - ================================================================================
[95m[BOTS][0m [2m05:42:28[0m - [96mINFO[0m - ЁЯдЦ ╨Ш╨╜╨╕╤Ж╨╕╨░╨╗╨╕╨╖╨░╤Ж╨╕╤П [94mAI[0m ╨╝╨╛╨┤╤Г╨╗╨╡╨╣...
[95m[BOTS][0m [2m05:42:28[0m - [96mINFO[0m - ЁЯУК ╨б╨в╨Р╨в╨г╨б ╨б╨Ш╨б╨в╨Х╨Ь╨л
[95m[BOTS][0m [2m05:42:28[0m - [96mINFO[0m - ================================================================================
[95m[BOTS][0m [2m05:42:28[0m - [96mINFO[0m - ЁЯдЦ ╨С╨╛╤В╤Л: [96m0[0m ╨▓╤Б╨╡╨│╨╛ | [96m0[0m ╨░╨║╤В╨╕╨▓╨╜╤Л╤Е | [96m0[0m ╨▓ ╨┐╨╛╨╖╨╕╤Ж╨╕╨╕
[95m[BOTS][0m [2m05:42:28[0m - [96mINFO[0m - ЁЯТ░ ╨Ч╤А╨╡╨╗╤Л╨╡ ╨╝╨╛╨╜╨╡╤В╤Л: [96m532[0m
[95m[BOTS][0m [2m05:42:28[0m - [96mINFO[0m - ЁЯОп  AutoBot: [94mON[0m (╨╕╨╜╤В╨╡╤А╨▓╨░╨╗: [96m180[0ms)
[95m[BOTS][0m [2m05:42:28[0m - [96mINFO[0m - ЁЯТб [94mAI[0m: тЬЕ [94mAI[0m ╨┤╨╛╤Б╤В╤Г╨┐╨╡╨╜
[95m[BOTS][0m [2m05:42:28[0m - [96mINFO[0m - ЁЯМР ╨С╨╕╤А╨╢╨░: тЭМ ╨Э╨╡ ╨┐╨╛╨┤╨║╨╗╤О╤З╨╡╨╜╨░
[95m[BOTS][0m [2m05:42:28[0m - [96mINFO[0m - ================================================================================
[95m[AI][0m [2m05:42:28[0m - [96mINFO[0m - License validated: developer
[95m[AI][0m [2m05:42:28[0m - [96mINFO[0m - ЁЯОл ╨Ы╨╕╤Ж╨╡╨╜╨╖╨╕╤П: developer
[95m[AI][0m [2m05:42:28[0m - [96mINFO[0m - ЁЯУЕ ╨Ф╨╡╨╣╤Б╤В╨▓╨╕╤В╨╡╨╗╤М╨╜╨░ ╨┤╨╛: [96m2299[0m-[96m09[0m-[96m06[0mT[96m00[0m:[96m00[0m:[96m00[0m
[95m[AI][0m [2m05:42:28[0m - [96mINFO[0m -  ╨б╨╛╨╖╨┤╨░╨╜╨░ ╨╜╨╛╨▓╨░╤П ╨╝╨╛╨┤╨╡╨╗╤М (╨╜╨╡ ╨╛╨▒╤Г╤З╨╡╨╜╨░)
[95m[AI][0m [2m05:42:28[0m - [96mINFO[0m - тЬЕ Anomaly Detector ╨╖╨░╨│╤А╤Г╨╢╨╡╨╜
[95m[BOTS][0m [2m05:42:28[0m - [96mINFO[0m - тЬЕ ╨Ч╨░╨│╤А╤Г╨╢╨╡╨╜╨╛ [96m532[0m ╨╖╤А╨╡╨╗╤Л╤Е ╨╝╨╛╨╜╨╡╤В ╨╕╨╖ ╨С╨Ф
[95m[BOTS][0m [2m05:42:28[0m - [96mINFO[0m -  тЬЕ ╨Ч╨░╨│╤А╤Г╨╢╨╡╨╜╨╛ [96m532[0m ╨╖╤А╨╡╨╗╤Л╤Е ╨╝╨╛╨╜╨╡╤В ╨╕╨╖ ╨С╨Ф
[95m[BOTS][0m [2m05:42:28[0m - [2m[37mDEBUG[0m - тЬЕ ╨Ъ╤Н╤И ╨┐╤А╨╛╨▓╨╡╤А╨║╨╕ ╨╖╤А╨╡╨╗╨╛╤Б╤В╨╕ ╨╖╨░╨│╤А╤Г╨╢╨╡╨╜ ╨╕╨╖ ╨С╨Ф
[95m[BOTS][0m [2m05:42:28[0m - [96mINFO[0m -  ЁЯТ╛ ╨Ч╨░╨│╤А╤Г╨╢╨╡╨╜ ╨║╤Н╤И: [96m554[0m ╨╝╨╛╨╜╨╡╤В
[95m[BOTS][0m [2m05:42:28[0m - [96mINFO[0m -  тЬЕ ╨Ф╨╡╤Д╨╛╨╗╤В╨╜╨░╤П ╨║╨╛╨╜╤Д╨╕╨│╤Г╤А╨░╤Ж╨╕╤П ╤Б╨╛╤Е╤А╨░╨╜╨╡╨╜╨░ ╨▓ data/default_auto_bot_config.json
[95m[BOTS][0m [2m05:42:28[0m - [96mINFO[0m - тЬЕ ╨Ъ╨╛╨╜╤Д╨╕╨│╤Г╤А╨░╤Ж╨╕╤П ╨┐╨╡╤А╨╡╨╖╨░╨│╤А╤Г╨╢╨╡╨╜╨░ ╨╕╨╖ bot_engine/bot_config.py
[95m[BOTS][0m [2m05:42:28[0m - [2m[37mDEBUG[0m - тЬЕ ╨б╨╛╤Б╤В╨╛╤П╨╜╨╕╨╡ ╨┐╤А╨╛╤Ж╨╡╤Б╤Б╨╛╨▓ ╨╖╨░╨│╤А╤Г╨╢╨╡╨╜╨╛ ╨╕╨╖ ╨С╨Ф
[95m[BOTS][0m [2m05:42:28[0m - [96mINFO[0m -  ЁЯУВ ╨Ч╨░╨│╤А╤Г╨╖╨║╨░ ╤Б╨╛╤Б╤В╨╛╤П╨╜╨╕╤П ╨▒╨╛╤В╨╛╨▓ ╨╕╨╖ ╨С╨Ф...
[95m[BOTS][0m [2m05:42:28[0m - [2m[37mDEBUG[0m - тЬЕ ╨б╨╛╤Б╤В╨╛╤П╨╜╨╕╨╡ ╨▒╨╛╤В╨╛╨▓ ╨╖╨░╨│╤А╤Г╨╢╨╡╨╜╨╛ ╨╕╨╖ ╨С╨Ф
[95m[BOTS][0m [2m05:42:28[0m - [96mINFO[0m -  ЁЯУК ╨Т╨╡╤А╤Б╨╕╤П ╤Б╨╛╤Б╤В╨╛╤П╨╜╨╕╤П: [96m2.0[0m, ╨┐╨╛╤Б╨╗╨╡╨┤╨╜╨╡╨╡ ╤Б╨╛╤Е╤А╨░╨╜╨╡╨╜╨╕╨╡: ╨╜╨╡╨╕╨╖╨▓╨╡╤Б╤В╨╜╨╛
[95m[BOTS][0m [2m05:42:28[0m - [96mINFO[0m -  тЪЩя╕П ╨Ъ╨╛╨╜╤Д╨╕╨│╤Г╤А╨░╤Ж╨╕╤П Auto Bot ╨Э╨Х ╨╖╨░╨│╤А╤Г╨╢╨░╨╡╤В╤Б╤П ╨╕╨╖ ╨С╨Ф
[95m[BOTS][0m [2m05:42:28[0m - [96mINFO[0m -  ЁЯТб ╨Ъ╨╛╨╜╤Д╨╕╨│╤Г╤А╨░╤Ж╨╕╤П ╨╖╨░╨│╤А╤Г╨╢╨░╨╡╤В╤Б╤П ╤В╨╛╨╗╤М╨║╨╛ ╨╕╨╖ bot_engine/bot_config.py
[95m[BOTS][0m [2m05:42:28[0m - [2m[37mDEBUG[0m -  тПня╕П ╨Я╤А╨╛╨┐╤Г╤Б╨║╨░╨╡╨╝ ╨▒╨╛╤В╨░ XVS ╤Б╨╛ ╤Б╤В╨░╤В╤Г╤Б╨╛╨╝ in_position_short - ╨▒╤Г╨┤╨╡╤В ╨┐╤А╨╛╨▓╨╡╤А╨╡╨╜ sync_bots_with_exchange() ╨╜╨░ ╤А╨╡╨░╨╗╤М╨╜╤Л╨╡ ╨┐╨╛╨╖╨╕╤Ж╨╕╨╕
[95m[BOTS][0m [2m05:42:28[0m - [96mINFO[0m -  тЬЕ ╨Т╨╛╤Б╤Б╤В╨░╨╜╨╛╨▓╨╗╨╡╨╜╨╛ ╨▒╨╛╤В╨╛╨▓: [96m0[0m, ╨╛╤И╨╕╨▒╨╛╨║: [96m0[0m
[95m[BOTS][0m [2m05:42:28[0m - [96mINFO[0m - тЬЕ ╨Ч╨░╨│╤А╤Г╨╢╨╡╨╜╨╛ ╨╕╨╜╨┤╨╕╨▓╨╕╨┤╤Г╨░╨╗╤М╨╜╤Л╤Е ╨╜╨░╤Б╤В╤А╨╛╨╡╨║ ╨╝╨╛╨╜╨╡╤В ╨╕╨╖ ╨С╨Ф: [96m50[0m
[95m[BOTS][0m [2m05:42:28[0m - [96mINFO[0m -  тЬЕ ╨Ч╨░╨│╤А╤Г╨╢╨╡╨╜╨╛ ╨╕╨╜╨┤╨╕╨▓╨╕╨┤╤Г╨░╨╗╤М╨╜╤Л╤Е ╨╜╨░╤Б╤В╤А╨╛╨╡╨║: [96m50[0m
[95m[BOTS][0m [2m05:42:28[0m - [96mINFO[0m -  ЁЯФЧ ╨Я╨╛╨┤╨║╨╗╤О╤З╨╡╨╜╨╕╨╡ ╨║ ╨▒╨╕╤А╨╢╨╡...
[95m[BOTS][0m [2m05:42:28[0m - [96mINFO[0m - Initializing [94mBYBIT[0m exchange...
[95m[BOTS][0m [2m05:42:28[0m - [96mINFO[0m - тЬЕ ╨Я╤Г╨╗ ╤Б╨╛╨╡╨┤╨╕╨╜╨╡╨╜╨╕╨╣ ╨╜╨░╤Б╤В╤А╨╛╨╡╨╜: [96m100[0m ╨┐╤Г╨╗╨╛╨▓, [96m200[0m ╤Б╨╛╨╡╨┤╨╕╨╜╨╡╨╜╨╕╨╣ ╨╜╨░ ╨┐╤Г╨╗
[95m[BOTS][0m [2m05:42:28[0m - [2m[37mDEBUG[0m - Initializing HTTP session.
[95m[BOTS][0m [2m05:42:28[0m - [96mINFO[0m - Successfully connected to [94mBYBIT[0m (Hedge mode, offset: [96m0.01[0m%)
[95m[BOTS][0m [2m05:42:28[0m - [96mINFO[0m -  ЁЯФН ExchangeFactory ╤Б╨╛╨╖╨┤╨░╨╗ ╨▒╨╕╤А╨╢╤Г: <class 'exchanges.bybit_exchange.BybitExchange'>
[95m[BOTS][0m [2m05:42:28[0m - [96mINFO[0m -  ЁЯФН exchange is None: False
[95m[BOTS][0m [2m05:42:29[0m - [96mINFO[0m -  ЁЯФД ╨Ю╨▒╨╜╨╛╨▓╨╗╨╡╨╜╨╕╨╡ ╨║╤Н╤И╨╕╤А╨╛╨▓╨░╨╜╨╜╤Л╤Е ╨┤╨░╨╜╨╜╤Л╤Е ╨▒╨╛╤В╨╛╨▓...
[95m[BOTS][0m [2m05:42:29[0m - [96mINFO[0m -  тЬЕ ╨Я╨╛╨┤╨║╨╗╤О╤З╨╡╨╜╨╕╨╡ ╤Г╤Б╨┐╨╡╤И╨╜╨╛, ╨▒╨░╨╗╨░╨╜╤Б: N/A
[95m[BOTS][0m [2m05:42:29[0m - [96mINFO[0m -  ЁЯФН ╨Т ╨║╨╛╨╜╤Ж╨╡ init_exchange_sync exchange: <class 'exchanges.bybit_exchange.BybitExchange'>
[95m[BOTS][0m [2m05:42:29[0m - [96mINFO[0m -  ЁЯФН ╨Т ╨║╨╛╨╜╤Ж╨╡ init_exchange_sync exchange is None: False
[95m[BOTS][0m [2m05:42:29[0m - [96mINFO[0m -  тД╣я╕П Smart [94mRSI[0m Manager ╨╛╤В╨║╨╗╤О╤З╨╡╨╜ - ╨░╨▓╤В╨╛╨▒╨╛╤В ╨╛╨▒╨╜╨╛╨▓╨╗╤П╨╡╤В ╨┤╨░╨╜╨╜╤Л╨╡ ╤Б╨░╨╝╨╛╤Б╤В╨╛╤П╤В╨╡╨╗╤М╨╜╨╛
[95m[BOTS][0m [2m05:42:29[0m - [96mINFO[0m -  ЁЯФД ╨Ч╨░╨┐╤Г╤Б╨║ ╤Б╤В╨░╤А╤В╨╛╨▓╨╛╨╣ ╤Б╨╕╨╜╤Е╤А╨╛╨╜╨╕╨╖╨░╤Ж╨╕╨╕ ╨▓ ╤Д╨╛╨╜╨╡...
[95m[BOTS][0m [2m05:42:29[0m - [96mINFO[0m -  ЁЯз╡ ╨б╤В╨░╤А╤В╨╛╨▓╨░╤П ╤Б╨╕╨╜╤Е╤А╨╛╨╜╨╕╨╖╨░╤Ж╨╕╤П ╨╖╨░╨┐╤Г╤Й╨╡╨╜╨░ ╨▓ ╤Д╨╛╨╜╨╡
[95m[BOTS][0m [2m05:42:29[0m - [96mINFO[0m -  ЁЯФД ╨Ч╨░╨┐╤Г╤Б╨║╨░╨╡╨╝ ╨╜╨╡╨┐╤А╨╡╤А╤Л╨▓╨╜╤Л╨╣ ╨╖╨░╨│╤А╤Г╨╖╤З╨╕╨║ ╨┤╨░╨╜╨╜╤Л╤Е...
[95m[BOTS][0m [2m05:42:29[0m - [96mINFO[0m - ЁЯФД ╨Т╤Е╨╛╨┤╨╕╨╝ ╨▓ ╨╜╨╡╨┐╤А╨╡╤А╤Л╨▓╨╜╤Л╨╣ ╤Ж╨╕╨║╨╗ ╨╛╨▒╨╜╨╛╨▓╨╗╨╡╨╜╨╕╤П...
[95m[BOTS][0m [2m05:42:29[0m - [96mINFO[0m - ЁЯФД ╨Т╨╛╤А╨║╨╡╤А ╨╖╨░╨┐╤Г╤Й╨╡╨╜ (╨╕╨╜╤В╨╡╤А╨▓╨░╨╗: [96m180[0m╤Б)
[95m[BOTS][0m [2m05:42:29[0m - [96mINFO[0m -  тЬЕ ╨Э╨╡╨┐╤А╨╡╤А╤Л╨▓╨╜╤Л╨╣ ╨╖╨░╨│╤А╤Г╨╖╤З╨╕╨║ ╨┤╨░╨╜╨╜╤Л╤Е ╨╖╨░╨┐╤Г╤Й╨╡╨╜ (╨╕╨╜╤В╨╡╤А╨▓╨░╨╗: [96m180[0m╤Б)
[95m[BOTS][0m [2m05:42:29[0m - [96mINFO[0m -  ЁЯТб ╨Т╤Б╨╡ ╨┤╨░╨╜╨╜╤Л╨╡ ╨▒╤Г╨┤╤Г╤В ╨╛╨▒╨╜╨╛╨▓╨╗╤П╤В╤М╤Б╤П ╨░╨▓╤В╨╛╨╝╨░╤В╨╕╤З╨╡╤Б╨║╨╕ ╨┐╨╛ ╨║╤А╤Г╨│╤Г
[95m[BOTS][0m [2m05:42:29[0m - [96mINFO[0m -  ЁЯТб ╨Р╨▓╤В╨╛╨▒╨╛╤В ╨╕ [94mAPI[0m ╨▒╤Г╨┤╤Г╤В ╨╕╤Б╨┐╨╛╨╗╤М╨╖╨╛╨▓╨░╤В╤М ╨░╨║╤В╤Г╨░╨╗╤М╨╜╤Л╨╡ ╨┤╨░╨╜╨╜╤Л╨╡ ╨╕╨╖ ╤Е╤А╨░╨╜╨╕╨╗╨╕╤Й╨░
[95m[BOTS][0m [2m05:42:29[0m - [96mINFO[0m -  тЬЕ ╨Ш╨╜╨╕╤Ж╨╕╨░╨╗╨╕╨╖╨░╤Ж╨╕╤П ╨╖╨░╨▓╨╡╤А╤И╨╡╨╜╨░, ╨▓╨╛╤А╨║╨╡╤А╤Л ╨▒╤Г╨┤╤Г╤В ╨╖╨░╨┐╤Г╤Й╨╡╨╜╤Л ╨╕╨╖ main ╨▒╨╗╨╛╨║╨░
[95m[BOTS][0m [2m05:42:29[0m - [96mINFO[0m -  тЬЕ ╨Р╨▓╤В╨╛╨▒╨╛╤В ╨▓╨║╨╗╤О╤З╨╡╨╜ ╨╕ ╨│╨╛╤В╨╛╨▓ ╨║ ╤А╨░╨▒╨╛╤В╨╡
[95m[BOTS][0m [2m05:42:29[0m - [96mINFO[0m - ================================================================================
[95m[BOTS][0m [2m05:42:29[0m - [96mINFO[0m - тЬЕ ╨б╨Ш╨б╨в╨Х╨Ь╨Р ╨г╨б╨Я╨Х╨и╨Э╨Ю ╨Ч╨Р╨Я╨г╨й╨Х╨Э╨Р!
[95m[BOTS][0m [2m05:42:29[0m - [96mINFO[0m - ================================================================================
[95m[BOTS][0m [2m05:42:29[0m - [96mINFO[0m - ЁЯУК ╨б╤В╨░╤В╤Г╤Б ╨║╨╛╨╝╨┐╨╛╨╜╨╡╨╜╤В╨╛╨▓:
[95m[BOTS][0m [2m05:42:29[0m - [96mINFO[0m -   ЁЯФЧ Exchange: тЬЕ ╨Ш╨╜╨╕╤Ж╨╕╨░╨╗╨╕╨╖╨╕╤А╨╛╨▓╨░╨╜
[95m[BOTS][0m [2m05:42:29[0m - [96mINFO[0m -   ЁЯФД Continuous Data Loader: тЬЕ ╨Ч╨░╨┐╤Г╤Й╨╡╨╜ (╨╛╨▒╨╜╨╛╨▓╨╗╤П╨╡╤В [94mRSI[0m ╨╕ ╤Б╨▓╨╡╤З╨╕)
[95m[BOTS][0m [2m05:42:29[0m - [96mINFO[0m -   ЁЯдЦ Auto Bot: тЭМ ╨Т╨Ъ╨Ы╨о╨з╨Х╨Э!
[95m[BOTS][0m [2m05:42:29[0m - [96mINFO[0m -   ЁЯТ╛ Auto Save: тЬЕ ╨Ч╨░╨┐╤Г╤Й╨╡╨╜
[95m[BOTS][0m [2m05:42:29[0m - [96mINFO[0m -   ЁЯФД Async Processor: тЬЕ ╨Ч╨░╨┐╤Г╤Й╨╡╨╜
[95m[BOTS][0m [2m05:42:29[0m - [96mINFO[0m - 
[95m[BOTS][0m [2m05:42:29[0m - [96mINFO[0m - ЁЯУИ ╨Ф╨░╨╜╨╜╤Л╨╡:
[95m[BOTS][0m [2m05:42:29[0m - [96mINFO[0m -   ЁЯдЦ ╨Ч╨░╨│╤А╤Г╨╢╨╡╨╜╨╛ ╨▒╨╛╤В╨╛╨▓: [96m0[0m
[95m[BOTS][0m [2m05:42:29[0m - [96mINFO[0m -   тЬЕ ╨Ч╤А╨╡╨╗╤Л╤Е ╨╝╨╛╨╜╨╡╤В: [96m532[0m
[95m[BOTS][0m [2m05:42:29[0m - [96mINFO[0m - 
[95m[BOTS][0m [2m05:42:29[0m - [96mINFO[0m - тЪЩя╕П ╨Ъ╨╛╨╜╤Д╨╕╨│╤Г╤А╨░╤Ж╨╕╤П Auto Bot:
[95m[BOTS][0m [2m05:42:29[0m - [96mINFO[0m -   ЁЯУК [94mRSI[0m: [94mLONG[0mтЙд[96m29[0m, [94mSHORT[0mтЙе[96m71[0m
[95m[BOTS][0m [2m05:42:29[0m - [96mINFO[0m -   тП░ [94mRSI[0m Time Filter: тЬЕ [94mON[0m ([96m7[0m ╤Б╨▓╨╡╤З╨╡╨╣)
[95m[BOTS][0m [2m05:42:29[0m - [96mINFO[0m -   тЬЕ Maturity Check: тЬЕ [94mON[0m
[95m[BOTS][0m [2m05:42:29[0m - [96mINFO[0m -   ЁЯЫбя╕П Stop-Loss: [96m15[0m%, Trailing: [96m10[0m%
[95m[BOTS][0m [2m05:42:29[0m - [96mINFO[0m -   ЁЯСе Max Concurrent: [96m50[0m
[95m[BOTS][0m [2m05:42:29[0m - [96mINFO[0m - ================================================================================
[95m[BOTS][0m [2m05:42:29[0m - [96mINFO[0m - ЁЯОп ╨б╨Ш╨б╨в╨Х╨Ь╨Р ╨У╨Ю╨в╨Ю╨Т╨Р ╨Ъ ╨а╨Р╨С╨Ю╨в╨Х!
[95m[BOTS][0m [2m05:42:29[0m - [96mINFO[0m - ЁЯТб ╨Ы╨╛╨│╨╕ ╨▒╤Г╨┤╤Г╤В ╨┐╨╛╨║╨░╨╖╤Л╨▓╨░╤В╤М ╤В╨╛╨╗╤М╨║╨╛ ╨▓╨░╨╢╨╜╤Л╨╡ ╤Б╨╛╨▒╤Л╤В╨╕╤П
[95m[BOTS][0m [2m05:42:29[0m - [96mINFO[0m - ================================================================================
[95m[BOTS][0m [2m05:42:29[0m - [2m[37mDEBUG[0m - тЬЕ ╨а╨╡╨╡╤Б╤В╤А ╨┐╨╛╨╖╨╕╤Ж╨╕╨╣ ╨╖╨░╨│╤А╤Г╨╢╨╡╨╜ ╨╕╨╖ ╨С╨Ф (2 ╨╖╨░╨┐╨╕╤Б╨╡╨╣)
[95m[BOTS][0m [2m05:42:29[0m - [96mINFO[0m -  тЬЕ ╨Ч╨░╨│╤А╤Г╨╢╨╡╨╜ ╤А╨╡╨╡╤Б╤В╤А ╨┐╨╛╨╖╨╕╤Ж╨╕╨╣: [96m2[0m ╨╖╨░╨┐╨╕╤Б╨╡╨╣
[95m[BOTS][0m [2m05:42:30[0m - [96mINFO[0m -  тЬЕ ╨Т╨╛╤Б╤Б╤В╨░╨╜╨╛╨▓╨╗╨╡╨╜ ╨▒╨╛╤В [94mXVS[0m (order_id=e[96m90870[0mf[96m2[0m-[96m84[0mee-[96m43[0mb[96m6[0m-[96m94[0mfc-d[96m4[0mf[96m321[0mf[96m519[0me[96m9[0m) ╨╕╨╖ ╤А╨╡╨╡╤Б╤В╤А╨░
[95m[BOTS][0m [2m05:42:30[0m - [96mINFO[0m -  ЁЯОп ╨Т╨╛╤Б╤Б╤В╨░╨╜╨╛╨▓╨╗╨╡╨╜╨╛ [96m1[0m ╨▒╨╛╤В╨╛╨▓: ['[94mXVS[0m']
[95m[BOTS][0m [2m05:42:30[0m - [96mINFO[0m - ЁЯТ╛ ╨б╨╛╤Б╤В╨╛╤П╨╜╨╕╨╡ [96m1[0m ╨▒╨╛╤В╨╛╨▓ ╤Б╨╛╤Е╤А╨░╨╜╨╡╨╜╨╛ ╨▓ ╨С╨Ф
[95m[BOTS][0m [2m05:42:30[0m - [96mINFO[0m -  ЁЯОп ╨Т╨╛╤Б╤Б╤В╨░╨╜╨╛╨▓╨╗╨╡╨╜╨╛ [96m1[0m ╨▒╨╛╤В╨╛╨▓ ╨╕╨╖ ╤А╨╡╨╡╤Б╤В╤А╨░ ╨┐╨╛╨╖╨╕╤Ж╨╕╨╣
[95m[BOTS][0m [2m05:42:30[0m - [96mINFO[0m -  ЁЯФН ╨Я╤А╨╛╨▓╨╡╤А╨║╨░ ╨║╨╛╨╜╤Д╨╗╨╕╨║╤В╨╛╨▓...
[95m[BOTS][0m [2m05:42:30[0m - [96mINFO[0m -  тЬЕ ╨Ъ╨╛╨╜╤Д╨╗╨╕╨║╤В╨╛╨▓ ╨┐╨╛╨╖╨╕╤Ж╨╕╨╣ ╨╜╨╡ ╨╜╨░╨╣╨┤╨╡╨╜╨╛
[95m[BOTS][0m [2m05:42:30[0m - [96mINFO[0m -  ЁЯЪи ╨Я╤А╨╛╨▓╨╡╤А╨║╨░ ╨┤╨╡╨╗╨╕╤Б╤В╨╕╨╜╨│╨░ ╨┐╤А╨╕ ╨╖╨░╨┐╤Г╤Б╨║╨╡...
[95m[BOTS][0m [2m05:42:30[0m - [96mINFO[0m - ЁЯФН ╨б╨║╨░╨╜╨╕╤А╨╛╨▓╨░╨╜╨╕╨╡ ╨▓╤Б╨╡╤Е ╨╝╨╛╨╜╨╡╤В ╨╜╨░ ╨┤╨╡╨╗╨╕╤Б╤В╨╕╨╜╨│...
[95m[BOTS][0m [2m05:42:30[0m - [96mINFO[0m - ЁЯУК ╨Ч╨░╨┐╤А╨░╤И╨╕╨▓╨░╨╡╨╝ ╨▓╤Б╨╡ ╨╕╨╜╤Б╤В╤А╤Г╨╝╨╡╨╜╤В╤Л ╤Б ╨▒╨╕╤А╨╢╨╕ (╨▓╨║╨╗╤О╤З╨░╤П ╨┤╨╡╨╗╨╕╤Б╤В╨╕╨╜╨│╨╛╨▓╤Л╨╡)...
[95m[BOTS][0m [2m05:42:30[0m - [96mINFO[0m - ╨Ь╨╛╨┤╨╡╨╗╤М ╨╜╨╡ ╨╜╨░╨╣╨┤╨╡╨╜╨░, ╤Б╨╛╨╖╨┤╨░╨╡╨╝ ╨╜╨╛╨▓╤Г╤О
[95m[BOTS][0m [2m05:42:30[0m - [96mINFO[0m - тЬЕ ╨б╨╛╨╖╨┤╨░╨╜╨░ ╨╜╨╛╨▓╨░╤П ╨╝╨╛╨┤╨╡╨╗╤М
[95m[BOTS][0m [2m05:42:30[0m - [96mINFO[0m - ╨Р╤А╤Е╨╕╤В╨╡╨║╤В╤Г╤А╨░: [96m60[0m ╤Б╨▓╨╡╤З╨╡╨╣ тЖТ [96m7[0m ╨┐╤А╨╕╨╖╨╜╨░╨║╨╛╨▓
[95m[AI][0m [2m05:42:30[0m - [96mINFO[0m - тЬЕ [94mLSTM[0m Predictor ╨╖╨░╨│╤А╤Г╨╢╨╡╨╜
[95m[AI][0m [2m05:42:30[0m - [96mINFO[0m - ╨б╨╛╨╖╨┤╨░╨╜╨░ ╨╜╨╛╨▓╨░╤П ╨╝╨╛╨┤╨╡╨╗╤М ╨┤╨╗╤П ╤А╨░╤Б╨┐╨╛╨╖╨╜╨░╨▓╨░╨╜╨╕╤П ╨┐╨░╤В╤В╨╡╤А╨╜╨╛╨▓
[95m[AI][0m [2m05:42:30[0m - [96mINFO[0m - тЬЕ Pattern Detector ╨╖╨░╨│╤А╤Г╨╢╨╡╨╜
[95m[AI][0m [2m05:42:30[0m - [96mINFO[0m - [RiskManager] тЬЕ Dynamic Risk Manager ╨╕╨╜╨╕╤Ж╨╕╨░╨╗╨╕╨╖╨╕╤А╨╛╨▓╨░╨╜
[95m[AI][0m [2m05:42:30[0m - [96mINFO[0m - тЬЕ Risk Manager ╨╖╨░╨│╤А╤Г╨╢╨╡╨╜
[95m[AI][0m [2m05:42:30[0m - [96mINFO[0m - ЁЯОЙ ╨Ч╨░╨│╤А╤Г╨╢╨╡╨╜╨╛ ╨╝╨╛╨┤╤Г╨╗╨╡╨╣: [96m4[0m/[96m4[0m
[95m[BOTS][0m [2m05:42:30[0m - [96mINFO[0m - 
[95m[BOTS][0m [2m05:42:30[0m - [96mINFO[0m - ================================================================================
[95m[BOTS][0m [2m05:42:30[0m - [96mINFO[0m - ЁЯЯв [94mAI[0m ╨Ь╨Ю╨Ф╨г╨Ы╨Ш ╨Р╨Ъ╨в╨Ш╨Т╨Э╨л - ╨Ы╨Ш╨ж╨Х╨Э╨Ч╨Ш╨п ╨Т╨Р╨Ы╨Ш╨Ф╨Э╨Р ЁЯЯв
[95m[BOTS][0m [2m05:42:30[0m - [96mINFO[0m - ================================================================================
[95m[BOTS][0m [2m05:42:30[0m - [96mINFO[0m - ЁЯдЦ [94mAI[0m ╨╝╨╛╨┤╤Г╨╗╨╕ ╨░╨║╤В╨╕╨▓╨╜╤Л (╨╛╨▒╤Г╤З╨╡╨╜╨╕╨╡ ╨▓╤Л╨┐╨╛╨╗╨╜╤П╨╡╤В╤Б╤П ╨▓ ai.py)
[95m[BOTS][0m [2m05:42:30[0m - [96mINFO[0m - ================================================================================
[95m[BOTS][0m [2m05:42:30[0m - [96mINFO[0m - 
[95m[BOTS][0m [2m05:42:30[0m - [96mINFO[0m - ЁЯФе ╨Я╤А╨╛╨▓╨╡╤А╨║╨░ ╨╛╤В╨║╤А╤Л╤В╨╕╤П ╨┐╨╛╤А╤В╨░ [96m5001[0m ╨▓ ╨▒╤А╨░╨╜╨┤╨╝╨░╤Г╤Н╤А╨╡...
[95m[BOTS][0m [2m05:42:30[0m - [96mINFO[0m - ЁЯУК ╨б╤В╤А╨░╨╜╨╕╤Ж╨░ [96m1[0m: ╨┐╨╛╨╗╤Г╤З╨╡╨╜╨╛ [96m642[0m ╨╕╨╜╤Б╤В╤А╤Г╨╝╨╡╨╜╤В╨╛╨▓ (╨▓╤Б╨╡╨│╨╛: [96m642[0m)
[95m[BOTS][0m [2m05:42:30[0m - [2m[37mDEBUG[0m - ЁЯУК ╨б╤В╤А╨░╨╜╨╕╤Ж╨░ 1: ╤Н╤В╨╛ ╨┐╨╛╤Б╨╗╨╡╨┤╨╜╤П╤П ╤Б╤В╤А╨░╨╜╨╕╤Ж╨░
[95m[BOTS][0m [2m05:42:30[0m - [96mINFO[0m - ЁЯУК ╨Т╤Б╨╡╨│╨╛ ╨┐╨╛╨╗╤Г╤З╨╡╨╜╨╛ [96m642[0m ╨╕╨╜╤Б╤В╤А╤Г╨╝╨╡╨╜╤В╨╛╨▓ ╤Б ╨▒╨╕╤А╨╢╨╕
[95m[BOTS][0m [2m05:42:30[0m - [96mINFO[0m - тЬЕ ╨Ф╨╡╨╗╨╕╤Б╤В╨╕╨╜╨│╨╛╨▓╤Л╤Е ╨╝╨╛╨╜╨╡╤В ╨╜╨╡ ╨╛╨▒╨╜╨░╤А╤Г╨╢╨╡╨╜╨╛ (╨╕╨╗╨╕ ╨▓╤Б╨╡ ╤Г╨╢╨╡ ╨▓ ╤Б╨┐╨╕╤Б╨║╨╡)
[95m[BOTS][0m [2m05:42:30[0m - [2m[37mDEBUG[0m - ЁЯТ╛ ╨Ф╨╡╨╗╨╕╤Б╤В╨╕╤А╨╛╨▓╨░╨╜╨╜╤Л╨╡ ╨╝╨╛╨╜╨╡╤В╤Л ╤Б╨╛╤Е╤А╨░╨╜╨╡╨╜╤Л ╨▓ ╨С╨Ф (0 ╨╝╨╛╨╜╨╡╤В)
[95m[BOTS][0m [2m05:42:30[0m - [2m[37mDEBUG[0m - ЁЯТ╛ ╨Ф╨╡╨╗╨╕╤Б╤В╨╕╤А╨╛╨▓╨░╨╜╨╜╤Л╨╡ ╨╝╨╛╨╜╨╡╤В╤Л ╤Б╨╛╤Е╤А╨░╨╜╨╡╨╜╤Л ╨▓ ╨С╨Ф (0 ╨╝╨╛╨╜╨╡╤В)
[95m[BOTS][0m [2m05:42:30[0m - [96mINFO[0m - тЬЕ ╨Ю╨▒╨╜╨╛╨▓╨╗╨╡╨╜╤Л ╨┤╨╡╨╗╨╕╤Б╤В╨╕╤А╨╛╨▓╨░╨╜╨╜╤Л╨╡ ╨╝╨╛╨╜╨╡╤В╤Л ╨▓ ╨С╨Ф ([96m0[0m ╨╝╨╛╨╜╨╡╤В)
[95m[BOTS][0m [2m05:42:30[0m - [96mINFO[0m - тЬЕ ╨б╨║╨░╨╜╨╕╤А╨╛╨▓╨░╨╜╨╕╨╡ ╨╖╨░╨▓╨╡╤А╤И╨╡╨╜╨╛:
[95m[BOTS][0m [2m05:42:30[0m - [96mINFO[0m -    - ╨Э╨╛╨▓╤Л╤Е ╨┤╨╡╨╗╨╕╤Б╤В╨╕╨╜╨│╨╛╨▓╤Л╤Е: [96m0[0m
[95m[BOTS][0m [2m05:42:30[0m - [96mINFO[0m -    - ╨Т╤Б╨╡╨│╨╛ ╨┤╨╡╨╗╨╕╤Б╤В╨╕╨╜╨│╨╛╨▓╤Л╤Е: [96m0[0m
[95m[BOTS][0m [2m05:42:30[0m - [96mINFO[0m - ЁЯФН ╨Я╤А╨╛╨▓╨╡╤А╨║╨░ ╨┤╨╡╨╗╨╕╤Б╤В╨╕╨╜╨│╨░ ╨┤╨╗╤П ╨░╨║╤В╨╕╨▓╨╜╤Л╤Е ╨▒╨╛╤В╨╛╨▓...
[95m[BOTS][0m [2m05:42:30[0m - [96mINFO[0m - ЁЯУК ╨Я╤А╨╛╨▓╨╡╤А╤П╨╡╨╝ [96m1[0m ╨░╨║╤В╨╕╨▓╨╜╤Л╤Е ╨▒╨╛╤В╨╛╨▓
[95m[BOTS][0m [2m05:42:30[0m - [96mINFO[0m - тЬЕ ╨Я╤А╨╛╨▓╨╡╤А╨║╨░ ╨┤╨╡╨╗╨╕╤Б╤В╨╕╨╜╨│╨░ ╨╖╨░╨▓╨╡╤А╤И╨╡╨╜╨░
[95m[BOTS][0m [2m05:42:30[0m - [96mINFO[0m -  тЬЕ ╨Я╤А╨╛╨▓╨╡╤А╨║╨░ ╨┤╨╡╨╗╨╕╤Б╤В╨╕╨╜╨│╨░ ╨┐╤А╨╕ ╨╖╨░╨┐╤Г╤Б╨║╨╡ ╨╖╨░╨▓╨╡╤А╤И╨╡╨╜╨░
[95m[BOTS][0m [2m05:42:30[0m - [96mINFO[0m -  тЬЕ ╨б╤В╨░╤А╤В╨╛╨▓╨░╤П ╤Б╨╕╨╜╤Е╤А╨╛╨╜╨╕╨╖╨░╤Ж╨╕╤П ╨╖╨░╨▓╨╡╤А╤И╨╡╨╜╨░
[95m[BOTS][0m [2m05:42:31[0m - [96mINFO[0m - тЬЕ ╨Я╨╛╤А╤В [96m5001[0m ╤Г╨╢╨╡ ╨╛╤В╨║╤А╤Л╤В
[95m[BOTS][0m [2m05:42:31[0m - [96mINFO[0m - ================================================================================
[95m[BOTS][0m [2m05:42:31[0m - [96mINFO[0m - ╨Ч╨Р╨Я╨г╨б╨Ъ [94mBOTS[0m [94mSERVICE[0m [94mAPI[0m (╨Я╨╛╤А╤В [96m5001[0m)
[95m[BOTS][0m [2m05:42:31[0m - [96mINFO[0m - ================================================================================
[95m[BOTS][0m [2m05:42:31[0m - [96mINFO[0m - 
================================================================================
[95m[BOTS][0m [2m05:42:31[0m - [96mINFO[0m - тЬЕ [94mBOTS[0m [94mSERVICE[0m ╨Ч╨Р╨Я╨г╨й╨Х╨Э ╨Ш ╨а╨Р╨С╨Ю╨в╨Р╨Х╨в!
[95m[BOTS][0m [2m05:42:31[0m - [96mINFO[0m - ================================================================================
[95m[BOTS][0m [2m05:42:31[0m - [96mINFO[0m - ЁЯМР [94mAPI[0m ╨┤╨╛╤Б╤В╤Г╨┐╨╡╨╜ ╨╜╨░: http://localhost:[96m5001[0m
[95m[BOTS][0m [2m05:42:31[0m - [96mINFO[0m - ЁЯУК ╨б╤В╨░╤В╤Г╤Б: http://localhost:[96m5001[0m/api/status
[95m[BOTS][0m [2m05:42:31[0m - [96mINFO[0m - ЁЯдЦ ╨С╨╛╤В╤Л: http://localhost:[96m5001[0m/api/bots
[95m[BOTS][0m [2m05:42:31[0m - [96mINFO[0m - ================================================================================
[95m[BOTS][0m [2m05:42:31[0m - [96mINFO[0m - ЁЯТб ╨Э╨░╨╢╨╝╨╕╤В╨╡ Ctrl+C ╨┤╨╗╤П ╨╛╤Б╤В╨░╨╜╨╛╨▓╨║╨╕
[95m[BOTS][0m [2m05:42:31[0m - [96mINFO[0m - ================================================================================

[95m[BOTS][0m [2m05:42:31[0m - [96mINFO[0m -  ЁЯУК [94mXVS[0m: PnL -[96m4.01[0m%, ╤В╨╡╨║╤Г╤Й╨░╤П [96m5.5967[0m, ╨▓╤Е╨╛╨┤ [96m5.381[0m
[95m[BOTS][0m [2m05:42:31[0m - [2m[37mDEBUG[0m - ЁЯФН Break-even ╨┐╤А╨╛╨▓╨╡╤А╨║╨░: profit=-4.01%, trigger=5.00%, activated=False, position_size=1.000000, position_value=5.38, profit_usdt=-0.2157
[95m[BOTS][0m [2m05:42:31[0m - [2m[37mDEBUG[0m - ЁЯФН Trailing ╨┐╤А╨╛╨▓╨╡╤А╨║╨░ ╨░╨║╤В╨╕╨▓╨░╤Ж╨╕╨╕: profit=-4.01%, activation=10.00%, trailing_active=False
[95m[BOTS][0m [2m05:42:32[0m - [96mINFO[0m -  ЁЯФН ╨Я╤А╨╛╨▓╨╡╤А╨║╨░ [96m1[0m ╨▒╨╛╤В╨╛╨▓ ╨╜╨░ ╨╜╨╡╨░╨║╤В╨╕╨▓╨╜╨╛╤Б╤В╤М
[95m[BOTS][0m [2m05:42:32[0m - [96mINFO[0m -  ЁЯУК ╨Э╨░╨╣╨┤╨╡╨╜╨╛ [96m3[0m ╨░╨║╤В╨╕╨▓╨╜╤Л╤Е ╨┐╨╛╨╖╨╕╤Ж╨╕╨╣ ╨╜╨░ ╨▒╨╕╤А╨╢╨╡: ['[94mKGEN[0m', '[94mXDC[0m', '[94mXVS[0m']
[95m[BOTS][0m [2m05:42:32[0m - [96mINFO[0m -  ЁЯЫбя╕П ╨С╨╛╤В [94mXVS[0m ╨▓ ╨┐╨╛╨╖╨╕╤Ж╨╕╨╕ [92min_position_short[0m - ╨Э╨Х ╨г╨Ф╨Р╨Ы╨п╨Х╨Ь
[95m[BOTS][0m [2m05:42:32[0m - [96mINFO[0m -  тЬЕ ╨Э╨╡╨░╨║╤В╨╕╨▓╨╜╤Л╤Е ╨▒╨╛╤В╨╛╨▓ ╨┤╨╗╤П ╤Г╨┤╨░╨╗╨╡╨╜╨╕╤П ╨╜╨╡ ╨╜╨░╨╣╨┤╨╡╨╜╨╛
[95m[BOTS][0m [2m05:42:32[0m - [96mINFO[0m -  ЁЯФН ╨Я╤А╨╛╨▓╨╡╤А╨║╨░ ╨░╨║╤В╨╕╨▓╨░╤Ж╨╕╨╕ ╨┐╤А╨░╨▓╨╕╨╗ ╤В╨╛╤А╨│╨╛╨▓╨╗╨╕ ╨┤╨╗╤П ╨╖╤А╨╡╨╗╤Л╤Е ╨╝╨╛╨╜╨╡╤В
[95m[BOTS][0m [2m05:42:32[0m - [96mINFO[0m -  тЬЕ ╨Ю╨▒╨╜╨╛╨▓╨╗╨╡╨╜╨╛ ╨▓╤А╨╡╨╝╤П ╨┐╤А╨╛╨▓╨╡╤А╨║╨╕ ╨┤╨╗╤П [96m532[0m ╨╖╤А╨╡╨╗╤Л╤Е ╨╝╨╛╨╜╨╡╤В
[95m[BOTS][0m [2m05:42:32[0m - [2m[37mDEBUG[0m - ЁЯТ╛ ╨Ч╤А╨╡╨╗╤Л╨╡ ╨╝╨╛╨╜╨╡╤В╤Л ╤Б╨╛╤Е╤А╨░╨╜╨╡╨╜╤Л ╨▓ ╨╜╨╛╤А╨╝╨░╨╗╨╕╨╖╨╛╨▓╨░╨╜╨╜╤Л╨╡ ╤Б╤В╨╛╨╗╨▒╤Ж╤Л ╨С╨Ф (532 ╨╝╨╛╨╜╨╡╤В)
[95m[BOTS][0m [2m05:42:32[0m - [2m[37mDEBUG[0m - ЁЯТ╛ ╨Ч╤А╨╡╨╗╤Л╨╡ ╨╝╨╛╨╜╨╡╤В╤Л ╤Б╨╛╤Е╤А╨░╨╜╨╡╨╜╤Л ╨▓ ╨С╨Ф (532 ╨╝╨╛╨╜╨╡╤В)
[95m[BOTS][0m [2m05:42:32[0m - [96mINFO[0m - ЁЯФН ╨б╨║╨░╨╜╨╕╤А╨╛╨▓╨░╨╜╨╕╨╡ ╨▓╤Б╨╡╤Е ╨╝╨╛╨╜╨╡╤В ╨╜╨░ ╨┤╨╡╨╗╨╕╤Б╤В╨╕╨╜╨│...
[95m[BOTS][0m [2m05:42:32[0m - [96mINFO[0m - ЁЯУК ╨Ч╨░╨┐╤А╨░╤И╨╕╨▓╨░╨╡╨╝ ╨▓╤Б╨╡ ╨╕╨╜╤Б╤В╤А╤Г╨╝╨╡╨╜╤В╤Л ╤Б ╨▒╨╕╤А╨╢╨╕ (╨▓╨║╨╗╤О╤З╨░╤П ╨┤╨╡╨╗╨╕╤Б╤В╨╕╨╜╨│╨╛╨▓╤Л╨╡)...
[95m[BOTS][0m [2m05:42:32[0m - [96mINFO[0m - ЁЯУК ╨б╤В╤А╨░╨╜╨╕╤Ж╨░ [96m1[0m: ╨┐╨╛╨╗╤Г╤З╨╡╨╜╨╛ [96m642[0m ╨╕╨╜╤Б╤В╤А╤Г╨╝╨╡╨╜╤В╨╛╨▓ (╨▓╤Б╨╡╨│╨╛: [96m642[0m)
[95m[BOTS][0m [2m05:42:32[0m - [2m[37mDEBUG[0m - ЁЯУК ╨б╤В╤А╨░╨╜╨╕╤Ж╨░ 1: ╤Н╤В╨╛ ╨┐╨╛╤Б╨╗╨╡╨┤╨╜╤П╤П ╤Б╤В╤А╨░╨╜╨╕╤Ж╨░
[95m[BOTS][0m [2m05:42:32[0m - [96mINFO[0m - ЁЯУК ╨Т╤Б╨╡╨│╨╛ ╨┐╨╛╨╗╤Г╤З╨╡╨╜╨╛ [96m642[0m ╨╕╨╜╤Б╤В╤А╤Г╨╝╨╡╨╜╤В╨╛╨▓ ╤Б ╨▒╨╕╤А╨╢╨╕
[95m[BOTS][0m [2m05:42:32[0m - [96mINFO[0m - тЬЕ ╨Ф╨╡╨╗╨╕╤Б╤В╨╕╨╜╨│╨╛╨▓╤Л╤Е ╨╝╨╛╨╜╨╡╤В ╨╜╨╡ ╨╛╨▒╨╜╨░╤А╤Г╨╢╨╡╨╜╨╛ (╨╕╨╗╨╕ ╨▓╤Б╨╡ ╤Г╨╢╨╡ ╨▓ ╤Б╨┐╨╕╤Б╨║╨╡)
[95m[BOTS][0m [2m05:42:32[0m - [2m[37mDEBUG[0m - ЁЯТ╛ ╨Ф╨╡╨╗╨╕╤Б╤В╨╕╤А╨╛╨▓╨░╨╜╨╜╤Л╨╡ ╨╝╨╛╨╜╨╡╤В╤Л ╤Б╨╛╤Е╤А╨░╨╜╨╡╨╜╤Л ╨▓ ╨С╨Ф (0 ╨╝╨╛╨╜╨╡╤В)
[95m[BOTS][0m [2m05:42:32[0m - [2m[37mDEBUG[0m - ЁЯТ╛ ╨Ф╨╡╨╗╨╕╤Б╤В╨╕╤А╨╛╨▓╨░╨╜╨╜╤Л╨╡ ╨╝╨╛╨╜╨╡╤В╤Л ╤Б╨╛╤Е╤А╨░╨╜╨╡╨╜╤Л ╨▓ ╨С╨Ф (0 ╨╝╨╛╨╜╨╡╤В)
[95m[BOTS][0m [2m05:42:32[0m - [96mINFO[0m - тЬЕ ╨Ю╨▒╨╜╨╛╨▓╨╗╨╡╨╜╤Л ╨┤╨╡╨╗╨╕╤Б╤В╨╕╤А╨╛╨▓╨░╨╜╨╜╤Л╨╡ ╨╝╨╛╨╜╨╡╤В╤Л ╨▓ ╨С╨Ф ([96m0[0m ╨╝╨╛╨╜╨╡╤В)
[95m[BOTS][0m [2m05:42:32[0m - [96mINFO[0m - тЬЕ ╨б╨║╨░╨╜╨╕╤А╨╛╨▓╨░╨╜╨╕╨╡ ╨╖╨░╨▓╨╡╤А╤И╨╡╨╜╨╛:
[95m[BOTS][0m [2m05:42:32[0m - [96mINFO[0m -    - ╨Э╨╛╨▓╤Л╤Е ╨┤╨╡╨╗╨╕╤Б╤В╨╕╨╜╨│╨╛╨▓╤Л╤Е: [96m0[0m
[95m[BOTS][0m [2m05:42:32[0m - [96mINFO[0m -    - ╨Т╤Б╨╡╨│╨╛ ╨┤╨╡╨╗╨╕╤Б╤В╨╕╨╜╨│╨╛╨▓╤Л╤Е: [96m0[0m
[95m[BOTS][0m [2m05:42:32[0m - [96mINFO[0m - ЁЯФН ╨Я╤А╨╛╨▓╨╡╤А╨║╨░ ╨┤╨╡╨╗╨╕╤Б╤В╨╕╨╜╨│╨░ ╨┤╨╗╤П ╨░╨║╤В╨╕╨▓╨╜╤Л╤Е ╨▒╨╛╤В╨╛╨▓...
[95m[BOTS][0m [2m05:42:32[0m - [96mINFO[0m - ЁЯУК ╨Я╤А╨╛╨▓╨╡╤А╤П╨╡╨╝ [96m1[0m ╨░╨║╤В╨╕╨▓╨╜╤Л╤Е ╨▒╨╛╤В╨╛╨▓
[95m[BOTS][0m [2m05:42:32[0m - [96mINFO[0m - тЬЕ ╨Я╤А╨╛╨▓╨╡╤А╨║╨░ ╨┤╨╡╨╗╨╕╤Б╤В╨╕╨╜╨│╨░ ╨╖╨░╨▓╨╡╤А╤И╨╡╨╜╨░
[95m[BOTS][0m [2m05:42:34[0m - [96mINFO[0m - ЁЯФД ╨Э╨░╤З╨╕╨╜╨░╨╡╨╝ ╨╛╨▒╤А╨░╨▒╨╛╤В╨║╤Г ╨┤╨░╨╜╨╜╤Л╤Е (╨╜╨╡╨▒╨╗╨╛╨║╨╕╤А╤Г╤О╤Й╨╕╨╣ ╤А╨╡╨╢╨╕╨╝)
[95m[BOTS][0m [2m05:42:34[0m - [96mINFO[0m - ЁЯФД ================================================================================
[95m[BOTS][0m [2m05:42:34[0m - [96mINFO[0m - ЁЯФД ╨а╨Р╨г╨Э╨Ф #[96m1[0m ╨Э╨Р╨з╨Р╨в
[95m[BOTS][0m [2m05:42:34[0m - [96mINFO[0m - ЁЯФД ЁЯХР ╨Т╤А╨╡╨╝╤П: [96m05[0m:[96m42[0m:[96m34[0m
[95m[BOTS][0m [2m05:42:34[0m - [96mINFO[0m - ЁЯФД ================================================================================
[95m[BOTS][0m [2m05:42:34[0m - [96mINFO[0m - ЁЯФД ЁЯУж ╨н╤В╨░╨┐ [96m1[0m/[96m6[0m: ╨Ч╨░╨│╤А╤Г╨╢╨░╨╡╨╝ ╤Б╨▓╨╡╤З╨╕...
[95m[BOTS][0m [2m05:42:34[0m - [96mINFO[0m - ЁЯФД ╨Т╤Л╨╖╤Л╨▓╨░╨╡╨╝ load_all_coins_candles_fast()...
[95m[BOTS][0m [2m05:42:34[0m - [96mINFO[0m - ╨Ч╨░╨┐╤А╨╛╤Б ╤Б╨┐╨╕╤Б╨║╨░ ╨▓╤Б╨╡╤Е ╤В╨╛╤А╨│╨╛╨▓╤Л╤Е ╨┐╨░╤А...
[95m[BOTS][0m [2m05:42:34[0m - [96mINFO[0m - ╨Я╨╛╨╗╤Г╤З╨╡╨╜╨╛ [96m642[0m ╨╕╨╜╤Б╤В╤А╤Г╨╝╨╡╨╜╤В╨╛╨▓
[95m[BOTS][0m [2m05:42:34[0m - [96mINFO[0m - ╨Э╨░╨╣╨┤╨╡╨╜╨╛ [96m554[0m [94mUSDT[0m ╨┐╨░╤А
[95m[BOTS][0m [2m05:42:34[0m - [96mINFO[0m - ╨Т ╤В╨╛╤А╨│╨╛╨▓╨╗╨╡: [96m554[0m ╨┐╨░╤А
[95m[BOTS][0m [2m05:42:34[0m - [96mINFO[0m - тЬЕ ╨Ч╨░╨│╤А╤Г╨╢╨╡╨╜╨╛ [96m554[0m ╤В╨╛╤А╨│╨╛╨▓╤Л╤Е ╨┐╨░╤А
[95m[BOTS][0m [2m05:42:58[0m - [96mINFO[0m -  ЁЯТ╛ ╨Р╨▓╤В╨╛╤Б╨╛╤Е╤А╨░╨╜╨╡╨╜╨╕╨╡ ╤Б╨╛╤Б╤В╨╛╤П╨╜╨╕╤П [96m1[0m ╨▒╨╛╤В╨╛╨▓...
[95m[BOTS][0m [2m05:42:58[0m - [2m[37mDEBUG[0m - ЁЯТ╛ ╨Ч╤А╨╡╨╗╤Л╨╡ ╨╝╨╛╨╜╨╡╤В╤Л ╤Б╨╛╤Е╤А╨░╨╜╨╡╨╜╤Л ╨▓ ╨╜╨╛╤А╨╝╨░╨╗╨╕╨╖╨╛╨▓╨░╨╜╨╜╤Л╨╡ ╤Б╤В╨╛╨╗╨▒╤Ж╤Л ╨С╨Ф (532 ╨╝╨╛╨╜╨╡╤В)
[95m[BOTS][0m [2m05:42:58[0m - [2m[37mDEBUG[0m - ЁЯТ╛ ╨Ч╤А╨╡╨╗╤Л╨╡ ╨╝╨╛╨╜╨╡╤В╤Л ╤Б╨╛╤Е╤А╨░╨╜╨╡╨╜╤Л ╨▓ ╨С╨Ф (532 ╨╝╨╛╨╜╨╡╤В)
[95m[BOTS][0m [2m05:43:00[0m - [96mINFO[0m -  ЁЯФД ╨Ч╨░╨│╤А╤Г╨╢╨░╨╡╨╝ ╨┐╨╛╨╖╨╕╤Ж╨╕╨╕ ╤Б ╨▒╨╕╤А╨╢╨╕...
[95m[BOTS][0m [2m05:43:00[0m - [96mINFO[0m -  ЁЯУК ╨Я╨╛╨╗╤Г╤З╨╡╨╜╨╛ [96m3[0m ╨┐╨╛╨╖╨╕╤Ж╨╕╨╣ ╤Б ╨▒╨╕╤А╨╢╨╕
[95m[BOTS][0m [2m05:43:00[0m - [96mINFO[0m -  ЁЯУИ ╨Р╨║╤В╨╕╨▓╨╜╤Л╨╡ ╨┐╨╛╨╖╨╕╤Ж╨╕╨╕: [94mXVS[0m (╤А╨░╨╖╨╝╨╡╤А: [96m1.0[0m), [94mKGEN[0m (╤А╨░╨╖╨╝╨╡╤А: [96m19.0[0m), [94mXDC[0m (╤А╨░╨╖╨╝╨╡╤А: [96m110.0[0m)
[95m[BOTS][0m [2m05:43:00[0m - [96mINFO[0m -  тЬЕ ╨Ю╨▒╨╜╨╛╨▓╨╗╨╡╨╜╨╛: [96m3[0m ╨┐╨╛╨╖╨╕╤Ж╨╕╨╣, ╨░╨║╤В╨╕╨▓╨╜╤Л╤Е: [96m3[0m
[95m[BOTS][0m [2m05:43:01[0m - [96mINFO[0m - тЬЕ ╨Ч╨░╨│╤А╤Г╨╖╨║╨░ ╨╖╨░╨▓╨╡╤А╤И╨╡╨╜╨░: [96m554[0m ╨╝╨╛╨╜╨╡╤В
[95m[BOTS][0m [2m05:43:01[0m - [96mINFO[0m - ЁЯТ╛ ╨б╨╛╤Е╤А╨░╨╜╤П╨╡╨╝ ╨║╤Н╤И ╨▓ ╨│╨╗╨╛╨▒╨░╨╗╤М╨╜╨╛╨╡ ╤Е╤А╨░╨╜╨╕╨╗╨╕╤Й╨╡...
[95m[BOTS][0m [2m05:43:01[0m - [96mINFO[0m - тЬЕ ╨Ъ╤Н╤И ╤Б╨╛╤Е╤А╨░╨╜╨╡╨╜: [96m554[0m ╨╝╨╛╨╜╨╡╤В
[95m[BOTS][0m [2m05:43:01[0m - [96mINFO[0m - тЬЕ ╨Я╤А╨╛╨▓╨╡╤А╨║╨░: ╨▓ ╨│╨╗╨╛╨▒╨░╨╗╤М╨╜╨╛╨╝ ╨║╤Н╤И╨╡ ╤Б╨╡╨╣╤З╨░╤Б [96m554[0m ╨╝╨╛╨╜╨╡╤В
[95m[BOTS][0m [2m05:43:01[0m - [2m[37mDEBUG[0m - ЁЯФН ╨Ю╨▒╨╜╨░╤А╤Г╨╢╨╡╨╜ ╨┐╤А╨╛╤Ж╨╡╤Б╤Б bots.py - ╤Б╨╛╤Е╤А╨░╨╜╤П╨╡╨╝ ╤Б╨▓╨╡╤З╨╕ ╨▓ bots_data.db (script_name=bots.py, main_file=e:\drive\tradebot\infobot\bots.py)
[95m[BOTS][0m [2m05:43:01[0m - [2m[37mDEBUG[0m - ЁЯЧСя╕П ╨г╨┤╨░╨╗╤П╨╡╨╝ ╤В╨░╨▒╨╗╨╕╤Ж╤Г candles_cache_data ╨┤╨╗╤П ╨┐╨╛╨╗╨╜╨╛╨╣ ╨╛╤З╨╕╤Б╤В╨║╨╕ (DROP TABLE)...
[95m[BOTS][0m [2m05:43:03[0m - [2m[37mDEBUG[0m - ЁЯТ╛ ╨Т╤Б╤В╨░╨▓╨╗╨╡╨╜╨╛ 488,252 ╨╜╨╛╨▓╤Л╤Е ╤Б╨▓╨╡╤З╨╡╨╣ ╨▓ ╨║╤Н╤И (554 ╤Б╨╕╨╝╨▓╨╛╨╗╨╛╨▓), ╨┐╤А╨╛╨▓╨╡╤А╨║╨░: ╨▓ ╨С╨Ф 488,252 ╨╖╨░╨┐╨╕╤Б╨╡╨╣ тЬЕ
[95m[BOTS][0m [2m05:43:03[0m - [2m[37mDEBUG[0m - ЁЯТ╛ ╨Ъ╤Н╤И ╤Б╨▓╨╡╤З╨╡╨╣ ╤Б╨╛╤Е╤А╨░╨╜╨╡╨╜ ╨▓ ╨С╨Ф (554 ╤Б╨╕╨╝╨▓╨╛╨╗╨╛╨▓)
[95m[BOTS][0m [2m05:43:03[0m - [2m[37mDEBUG[0m - ЁЯТ╛ ╨Ъ╤Н╤И ╤Б╨▓╨╡╤З╨╡╨╣ ╤Б╨╛╤Е╤А╨░╨╜╨╡╨╜ ╨▓ ╨С╨Ф (554 ╤Б╨╕╨╝╨▓╨╛╨╗╨╛╨▓)
[95m[BOTS][0m [2m05:43:03[0m - [96mINFO[0m - ЁЯТ╛ ╨Ъ╤Н╤И ╤Б╨▓╨╡╤З╨╡╨╣ ╤Б╨╛╤Е╤А╨░╨╜╨╡╨╜ ╨▓ bots_data.db: [96m554[0m ╨╝╨╛╨╜╨╡╤В (╨┐╤А╨╛╤Ж╨╡╤Б╤Б bots.py)
[95m[BOTS][0m [2m05:43:03[0m - [96mINFO[0m - ЁЯФД ╨Ч╨░╨┤╨╡╤А╨╢╨║╨░ ╨╖╨░╨┐╤А╨╛╤Б╨╛╨▓ ╤Б╨▒╤А╨╛╤И╨╡╨╜╨░ ╨║ ╨▒╨░╨╖╨╛╨▓╨╛╨╝╤Г ╨╖╨╜╨░╤З╨╡╨╜╨╕╤О
[95m[BOTS][0m [2m05:43:03[0m - [96mINFO[0m - ЁЯФД ЁЯУК load_all_coins_candles_fast() ╨▓╨╡╤А╨╜╤Г╨╗╨░: True
[95m[BOTS][0m [2m05:43:03[0m - [96mINFO[0m - ЁЯФД тЬЕ ╨б╨▓╨╡╤З╨╕ ╨╖╨░╨│╤А╤Г╨╢╨╡╨╜╤Л ╨╖╨░ [96m29.2[0m╤Б
[95m[BOTS][0m [2m05:43:03[0m - [96mINFO[0m - ЁЯФД ЁЯУК ╨н╤В╨░╨┐ [96m2[0m/[96m6[0m: ╨а╨░╤Б╤Б╤З╨╕╤В╤Л╨▓╨░╨╡╨╝ [94mRSI[0m...
[95m[BOTS][0m [2m05:43:03[0m - [96mINFO[0m - ЁЯФД ╨Т╤Л╨╖╤Л╨▓╨░╨╡╨╝ load_all_coins_rsi()...
[95m[BOTS][0m [2m05:43:03[0m - [96mINFO[0m - ЁЯУК [94mRSI[0m: ╨╖╨░╨┐╤Г╤Б╨║╨░╨╡╨╝ ╨┐╨╛╨╗╨╜╨╛╨╡ ╨╛╨▒╨╜╨╛╨▓╨╗╨╡╨╜╨╕╨╡
[95m[BOTS][0m [2m05:43:03[0m - [96mINFO[0m - ╨Ч╨░╨┐╤А╨╛╤Б ╤Б╨┐╨╕╤Б╨║╨░ ╨▓╤Б╨╡╤Е ╤В╨╛╤А╨│╨╛╨▓╤Л╤Е ╨┐╨░╤А...
[95m[BOTS][0m [2m05:43:03[0m - [96mINFO[0m - ╨Я╨╛╨╗╤Г╤З╨╡╨╜╨╛ [96m642[0m ╨╕╨╜╤Б╤В╤А╤Г╨╝╨╡╨╜╤В╨╛╨▓
[95m[BOTS][0m [2m05:43:03[0m - [96mINFO[0m - ╨Э╨░╨╣╨┤╨╡╨╜╨╛ [96m554[0m [94mUSDT[0m ╨┐╨░╤А
[95m[BOTS][0m [2m05:43:03[0m - [96mINFO[0m - ╨Т ╤В╨╛╤А╨│╨╛╨▓╨╗╨╡: [96m554[0m ╨┐╨░╤А
[95m[BOTS][0m [2m05:43:03[0m - [96mINFO[0m - тЬЕ ╨Ч╨░╨│╤А╤Г╨╢╨╡╨╜╨╛ [96m554[0m ╤В╨╛╤А╨│╨╛╨▓╤Л╤Е ╨┐╨░╤А
[95m[BOTS][0m [2m05:43:03[0m - [96mINFO[0m - ЁЯУК [94mRSI[0m: ╨┐╨╛╨╗╤Г╤З╨╡╨╜╨╛ [96m554[0m ╨┐╨░╤А, ╨│╨╛╤В╨╛╨▓╨╕╨╝ ╨▒╨░╤В╤З╨╕ ╨┐╨╛ [96m100[0m ╨╝╨╛╨╜╨╡╤В
[95m[BOTS][0m [2m05:43:03[0m - [96mINFO[0m - ЁЯУж [94mRSI[0m Batch [96m1[0m/[96m6[0m: size=[96m100[0m, workers=[96m50[0m, delay=[96m0.50[0ms
[95m[BOTS][0m [2m05:43:03[0m - [96mINFO[0m - [96m1000[0mBONK: ╨б╨╕╨│╨╜╨░╨╗ ╨╕╨╖╨╝╨╡╨╜╨╡╨╜ ENTER_LONG тЖТ [94mWAIT[0m
[95m[BOTS][0m [2m05:43:03[0m - [96mINFO[0m - [96m1000[0mFLOKI: ╨б╨╕╨│╨╜╨░╨╗ ╨╕╨╖╨╝╨╡╨╜╨╡╨╜ ENTER_LONG тЖТ [94mWAIT[0m
[95m[BOTS][0m [2m05:43:03[0m - [96mINFO[0m - [96m1000000[0mBABYDOGE: ╨б╨╕╨│╨╜╨░╨╗ ╨╕╨╖╨╝╨╡╨╜╨╡╨╜ ENTER_LONG тЖТ [94mWAIT[0m
[95m[BOTS][0m [2m05:43:03[0m - [96mINFO[0m - [96m1000[0mNEIROCTO: ╨б╨╕╨│╨╜╨░╨╗ ╨╕╨╖╨╝╨╡╨╜╨╡╨╜ ENTER_LONG тЖТ [94mWAIT[0m
[95m[BOTS][0m [2m05:43:03[0m - [96mINFO[0m - [96m1000[0mPEPE: ╨б╨╕╨│╨╜╨░╨╗ ╨╕╨╖╨╝╨╡╨╜╨╡╨╜ ENTER_LONG тЖТ [94mWAIT[0m
[95m[BOTS][0m [2m05:43:03[0m - [96mINFO[0m - [96m1000[0mTURBO: ╨б╨╕╨│╨╜╨░╨╗ ╨╕╨╖╨╝╨╡╨╜╨╡╨╜ ENTER_LONG тЖТ [94mWAIT[0m
[95m[BOTS][0m [2m05:43:03[0m - [96mINFO[0m - [96m1000[0mTOSHI: ╨б╨╕╨│╨╜╨░╨╗ ╨╕╨╖╨╝╨╡╨╜╨╡╨╜ ENTER_LONG тЖТ [94mWAIT[0m
[95m[BOTS][0m [2m05:43:03[0m - [96mINFO[0m - [96m1000[0mXEC: ╨б╨╕╨│╨╜╨░╨╗ ╨╕╨╖╨╝╨╡╨╜╨╡╨╜ ENTER_LONG тЖТ [94mWAIT[0m
[95m[BOTS][0m [2m05:43:03[0m - [96mINFO[0m - A: ╨б╨╕╨│╨╜╨░╨╗ ╨╕╨╖╨╝╨╡╨╜╨╡╨╜ ENTER_LONG тЖТ [94mWAIT[0m
[95m[BOTS][0m [2m05:43:03[0m - [93mWARNING[0m - [93mA: тЪая╕П ╨Я╨а╨Х╨Ф╨г╨Я╨а╨Х╨Ц╨Ф╨Х╨Э╨Ш╨Х (AI): ╨Р╨╜╨╛╨╝╨░╨╗╨╕╤П MANIPULATION (severity: 65.96% - ╨╜╨╕╨╢╨╡ ╨┐╨╛╤А╨╛╨│╨░ 70.00%)[0m
[95m[BOTS][0m [2m05:43:03[0m - [96mINFO[0m - [96m1000000[0mMOG: ╨б╨╕╨│╨╜╨░╨╗ ╨╕╨╖╨╝╨╡╨╜╨╡╨╜ ENTER_LONG тЖТ [94mWAIT[0m
[95m[BOTS][0m [2m05:43:03[0m - [93mWARNING[0m - [93mACX: тЪая╕П ╨Я╨а╨Х╨Ф╨г╨Я╨а╨Х╨Ц╨Ф╨Х╨Э╨Ш╨Х (AI): ╨Р╨╜╨╛╨╝╨░╨╗╨╕╤П MANIPULATION (severity: 64.21% - ╨╜╨╕╨╢╨╡ ╨┐╨╛╤А╨╛╨│╨░ 70.00%)[0m
[95m[BOTS][0m [2m05:43:03[0m - [96mINFO[0m - [94mAERGO[0m: ╨б╨╕╨│╨╜╨░╨╗ ╨╕╨╖╨╝╨╡╨╜╨╡╨╜ ENTER_LONG тЖТ [94mWAIT[0m
[95m[BOTS][0m [2m05:43:03[0m - [96mINFO[0m - [94mAIOZ[0m: ╨б╨╕╨│╨╜╨░╨╗ ╨╕╨╖╨╝╨╡╨╜╨╡╨╜ ENTER_LONG тЖТ [94mWAIT[0m
[95m[BOTS][0m [2m05:43:03[0m - [96mINFO[0m - [94mAIXBT[0m: ╨б╨╕╨│╨╜╨░╨╗ ╨╕╨╖╨╝╨╡╨╜╨╡╨╜ ENTER_LONG тЖТ [94mWAIT[0m
[95m[BOTS][0m [2m05:43:03[0m - [96mINFO[0m - [94mAKE[0m: ╨б╨╕╨│╨╜╨░╨╗ ╨╕╨╖╨╝╨╡╨╜╨╡╨╜ ENTER_LONG тЖТ [94mWAIT[0m
[95m[BOTS][0m [2m05:43:03[0m - [93mWARNING[0m - [93mALGO: тЪая╕П ╨Я╨а╨Х╨Ф╨г╨Я╨а╨Х╨Ц╨Ф╨Х╨Э╨Ш╨Х (AI): ╨Р╨╜╨╛╨╝╨░╨╗╨╕╤П MANIPULATION (severity: 68.90% - ╨╜╨╕╨╢╨╡ ╨┐╨╛╤А╨╛╨│╨░ 70.00%)[0m
[95m[BOTS][0m [2m05:43:03[0m - [96mINFO[0m - [94mALLO[0m: ╨б╨╕╨│╨╜╨░╨╗ ╨╕╨╖╨╝╨╡╨╜╨╡╨╜ ENTER_LONG тЖТ [94mWAIT[0m
[95m[BOTS][0m [2m05:43:03[0m - [96mINFO[0m - [94mALU[0m: ╨б╨╕╨│╨╜╨░╨╗ ╨╕╨╖╨╝╨╡╨╜╨╡╨╜ ENTER_LONG тЖТ [94mWAIT[0m
[95m[BOTS][0m [2m05:43:03[0m - [96mINFO[0m - [94mARK[0m: ╨б╨╕╨│╨╜╨░╨╗ ╨╕╨╖╨╝╨╡╨╜╨╡╨╜ ENTER_LONG тЖТ [94mWAIT[0m
[95m[BOTS][0m [2m05:43:03[0m - [93mWARNING[0m - [93mARPA: тЪая╕П ╨Я╨а╨Х╨Ф╨г╨Я╨а╨Х╨Ц╨Ф╨Х╨Э╨Ш╨Х (AI): ╨Р╨╜╨╛╨╝╨░╨╗╨╕╤П MANIPULATION (severity: 65.62% - ╨╜╨╕╨╢╨╡ ╨┐╨╛╤А╨╛╨│╨░ 70.00%)[0m
[95m[BOTS][0m [2m05:43:03[0m - [96mINFO[0m - [94mASTER[0m: ╨б╨╕╨│╨╜╨░╨╗ ╨╕╨╖╨╝╨╡╨╜╨╡╨╜ ENTER_LONG тЖТ [94mWAIT[0m
[95m[BOTS][0m [2m05:43:03[0m - [96mINFO[0m - [94mAUCTION[0m: ╨б╨╕╨│╨╜╨░╨╗ ╨╕╨╖╨╝╨╡╨╜╨╡╨╜ ENTER_LONG тЖТ [94mWAIT[0m
[95m[BOTS][0m [2m05:43:03[0m - [96mINFO[0m - [94mAVAX[0m: ╨б╨╕╨│╨╜╨░╨╗ ╨╕╨╖╨╝╨╡╨╜╨╡╨╜ ENTER_LONG тЖТ [94mWAIT[0m
[95m[BOTS][0m [2m05:43:03[0m - [96mINFO[0m - [94mAVL[0m: ╨б╨╕╨│╨╜╨░╨╗ ╨╕╨╖╨╝╨╡╨╜╨╡╨╜ ENTER_LONG тЖТ [94mWAIT[0m
[95m[BOTS][0m [2m05:43:03[0m - [93mWARNING[0m - [93mAVL: тЪая╕П ╨Я╨а╨Х╨Ф╨г╨Я╨а╨Х╨Ц╨Ф╨Х╨Э╨Ш╨Х (AI): ╨Р╨╜╨╛╨╝╨░╨╗╨╕╤П MANIPULATION (severity: 61.63% - ╨╜╨╕╨╢╨╡ ╨┐╨╛╤А╨╛╨│╨░ 70.00%)[0m
[95m[BOTS][0m [2m05:43:03[0m - [96mINFO[0m - [94mAVNT[0m: ╨б╨╕╨│╨╜╨░╨╗ ╨╕╨╖╨╝╨╡╨╜╨╡╨╜ ENTER_LONG тЖТ [94mWAIT[0m
[95m[BOTS][0m [2m05:43:04[0m - [96mINFO[0m - [94mBANANA[0m: ╨б╨╕╨│╨╜╨░╨╗ ╨╕╨╖╨╝╨╡╨╜╨╡╨╜ ENTER_LONG тЖТ [94mWAIT[0m
[95m[BOTS][0m [2m05:43:04[0m - [96mINFO[0m - [94mBEL[0m: ╨б╨╕╨│╨╜╨░╨╗ ╨╕╨╖╨╝╨╡╨╜╨╡╨╜ ENTER_LONG тЖТ [94mWAIT[0m
[95m[BOTS][0m [2m05:43:04[0m - [96mINFO[0m - ЁЯУж [94mRSI[0m Batch [96m1[0m/[96m6[0m ╨╖╨░╨▓╨╡╤А╤И╨╡╨╜: [96m100[0m ╤Г╤Б╨┐╨╡╤Е╨╛╨▓ / [96m0[0m ╨╛╤И╨╕╨▒╨╛╨║ ╨╖╨░ [96m0.9[0ms
[95m[BOTS][0m [2m05:43:04[0m - [96mINFO[0m - ЁЯУК ╨Я╤А╨╛╨│╤А╨╡╤Б╤Б: [96m100[0m/[96m554[0m ([96m18[0m%)
[95m[BOTS][0m [2m05:43:04[0m - [96mINFO[0m - ЁЯУж [94mRSI[0m Batch [96m2[0m/[96m6[0m: size=[96m100[0m, workers=[96m50[0m, delay=[96m0.50[0ms
[95m[BOTS][0m [2m05:43:04[0m - [96mINFO[0m - [94mBLESS[0m: ╨б╨╕╨│╨╜╨░╨╗ ╨╕╨╖╨╝╨╡╨╜╨╡╨╜ ENTER_LONG тЖТ [94mWAIT[0m
[95m[BOTS][0m [2m05:43:04[0m - [96mINFO[0m - [94mBMT[0m: ╨б╨╕╨│╨╜╨░╨╗ ╨╕╨╖╨╝╨╡╨╜╨╡╨╜ ENTER_LONG тЖТ [94mWAIT[0m
[95m[BOTS][0m [2m05:43:04[0m - [96mINFO[0m - [94mBOME[0m: ╨б╨╕╨│╨╜╨░╨╗ ╨╕╨╖╨╝╨╡╨╜╨╡╨╜ ENTER_LONG тЖТ [94mWAIT[0m
[95m[BOTS][0m [2m05:43:04[0m - [96mINFO[0m - [94mBRETT[0m: ╨б╨╕╨│╨╜╨░╨╗ ╨╕╨╖╨╝╨╡╨╜╨╡╨╜ ENTER_LONG тЖТ [94mWAIT[0m
[95m[BOTS][0m [2m05:43:04[0m - [96mINFO[0m - C: ╨б╨╕╨│╨╜╨░╨╗ ╨╕╨╖╨╝╨╡╨╜╨╡╨╜ ENTER_LONG тЖТ [94mWAIT[0m
[95m[BOTS][0m [2m05:43:04[0m - [96mINFO[0m - [94mCARV[0m: ╨б╨╕╨│╨╜╨░╨╗ ╨╕╨╖╨╝╨╡╨╜╨╡╨╜ ENTER_LONG тЖТ [94mWAIT[0m
[95m[BOTS][0m [2m05:43:04[0m - [96mINFO[0m - [94mCETUS[0m: ╨б╨╕╨│╨╜╨░╨╗ ╨╕╨╖╨╝╨╡╨╜╨╡╨╜ ENTER_LONG тЖТ [94mWAIT[0m
[95m[BOTS][0m [2m05:43:04[0m - [96mINFO[0m - [94mCHILLGUY[0m: ╨б╨╕╨│╨╜╨░╨╗ ╨╕╨╖╨╝╨╡╨╜╨╡╨╜ ENTER_LONG тЖТ [94mWAIT[0m
[95m[BOTS][0m [2m05:43:04[0m - [96mINFO[0m - [94mCKB[0m: ╨б╨╕╨│╨╜╨░╨╗ ╨╕╨╖╨╝╨╡╨╜╨╡╨╜ ENTER_LONG тЖТ [94mWAIT[0m
[95m[BOTS][0m [2m05:43:04[0m - [96mINFO[0m - [94mCOAI[0m: ╨б╨╕╨│╨╜╨░╨╗ ╨╕╨╖╨╝╨╡╨╜╨╡╨╜ ENTER_LONG тЖТ [94mWAIT[0m
[95m[BOTS][0m [2m05:43:04[0m - [96mINFO[0m - [94mCOOKIE[0m: ╨б╨╕╨│╨╜╨░╨╗ ╨╕╨╖╨╝╨╡╨╜╨╡╨╜ ENTER_LONG тЖТ [94mWAIT[0m
[95m[BOTS][0m [2m05:43:04[0m - [93mWARNING[0m - [93mCOOKIE: тЪая╕П ╨Я╨а╨Х╨Ф╨г╨Я╨а╨Х╨Ц╨Ф╨Х╨Э╨Ш╨Х (AI): ╨Р╨╜╨╛╨╝╨░╨╗╨╕╤П MANIPULATION (severity: 69.99% - ╨╜╨╕╨╢╨╡ ╨┐╨╛╤А╨╛╨│╨░ 70.00%)[0m
[95m[BOTS][0m [2m05:43:04[0m - [96mINFO[0m - [94mCOTI[0m: ╨б╨╕╨│╨╜╨░╨╗ ╨╕╨╖╨╝╨╡╨╜╨╡╨╜ ENTER_LONG тЖТ [94mWAIT[0m
[95m[BOTS][0m [2m05:43:04[0m - [96mINFO[0m - [94mDEGEN[0m: ╨б╨╕╨│╨╜╨░╨╗ ╨╕╨╖╨╝╨╡╨╜╨╡╨╜ ENTER_LONG тЖТ [94mWAIT[0m
[95m[BOTS][0m [2m05:43:04[0m - [96mINFO[0m - [94mDOGE[0m: ╨б╨╕╨│╨╜╨░╨╗ ╨╕╨╖╨╝╨╡╨╜╨╡╨╜ ENTER_LONG тЖТ [94mWAIT[0m
[95m[BOTS][0m [2m05:43:04[0m - [96mINFO[0m - [94mDOOD[0m: ╨б╨╕╨│╨╜╨░╨╗ ╨╕╨╖╨╝╨╡╨╜╨╡╨╜ ENTER_LONG тЖТ [94mWAIT[0m
[95m[BOTS][0m [2m05:43:04[0m - [96mINFO[0m - ЁЯОп [94mBTR[0m: [94mRSI[0m=[96m77.4[0m ЁЯУИ[94mUP[0m ($[96m0.0706[0m) тЖТ ENTER_SHORT
[95m[BOTS][0m [2m05:43:04[0m - [96mINFO[0m - [94mDUSK[0m: ╨б╨╕╨│╨╜╨░╨╗ ╨╕╨╖╨╝╨╡╨╜╨╡╨╜ ENTER_SHORT тЖТ [94mWAIT[0m
[95m[BOTS][0m [2m05:43:04[0m - [96mINFO[0m - [94mDYDX[0m: ╨б╨╕╨│╨╜╨░╨╗ ╨╕╨╖╨╝╨╡╨╜╨╡╨╜ ENTER_LONG тЖТ [94mWAIT[0m
[95m[BOTS][0m [2m05:43:04[0m - [96mINFO[0m - [94mEDEN[0m: ╨б╨╕╨│╨╜╨░╨╗ ╨╕╨╖╨╝╨╡╨╜╨╡╨╜ ENTER_LONG тЖТ [94mWAIT[0m
[95m[BOTS][0m [2m05:43:04[0m - [96mINFO[0m - [94mEIGEN[0m: ╨б╨╕╨│╨╜╨░╨╗ ╨╕╨╖╨╝╨╡╨╜╨╡╨╜ ENTER_LONG тЖТ [94mWAIT[0m
[95m[BOTS][0m [2m05:43:04[0m - [96mINFO[0m - [94mENA[0m: ╨б╨╕╨│╨╜╨░╨╗ ╨╕╨╖╨╝╨╡╨╜╨╡╨╜ ENTER_LONG тЖТ [94mWAIT[0m
[95m[BOTS][0m [2m05:43:04[0m - [96mINFO[0m - [94mENS[0m: ╨б╨╕╨│╨╜╨░╨╗ ╨╕╨╖╨╝╨╡╨╜╨╡╨╜ ENTER_LONG тЖТ [94mWAIT[0m
[95m[BOTS][0m [2m05:43:04[0m - [96mINFO[0m - [94mENSO[0m: ╨б╨╕╨│╨╜╨░╨╗ ╨╕╨╖╨╝╨╡╨╜╨╡╨╜ ENTER_LONG тЖТ [94mWAIT[0m
[95m[BOTS][0m [2m05:43:04[0m - [96mINFO[0m - [94mETHFI[0m: ╨б╨╕╨│╨╜╨░╨╗ ╨╕╨╖╨╝╨╡╨╜╨╡╨╜ ENTER_LONG тЖТ [94mWAIT[0m
[95m[BOTS][0m [2m05:43:04[0m - [96mINFO[0m - [94mEUL[0m: ╨б╨╕╨│╨╜╨░╨╗ ╨╕╨╖╨╝╨╡╨╜╨╡╨╜ ENTER_LONG тЖТ [94mWAIT[0m
[95m[BOTS][0m [2m05:43:04[0m - [96mINFO[0m - F: ╨б╨╕╨│╨╜╨░╨╗ ╨╕╨╖╨╝╨╡╨╜╨╡╨╜ ENTER_LONG тЖТ [94mWAIT[0m
[95m[BOTS][0m [2m05:43:04[0m - [96mINFO[0m - [94mFARTCOIN[0m: ╨б╨╕╨│╨╜╨░╨╗ ╨╕╨╖╨╝╨╡╨╜╨╡╨╜ ENTER_LONG тЖТ [94mWAIT[0m
[95m[BOTS][0m [2m05:43:04[0m - [96mINFO[0m - [94mFF[0m: ╨б╨╕╨│╨╜╨░╨╗ ╨╕╨╖╨╝╨╡╨╜╨╡╨╜ ENTER_LONG тЖТ [94mWAIT[0m
[95m[BOTS][0m [2m05:43:04[0m - [96mINFO[0m - [94mFHE[0m: ╨б╨╕╨│╨╜╨░╨╗ ╨╕╨╖╨╝╨╡╨╜╨╡╨╜ ENTER_SHORT тЖТ [94mWAIT[0m
[95m[BOTS][0m [2m05:43:04[0m - [96mINFO[0m - [94mFIL[0m: ╨б╨╕╨│╨╜╨░╨╗ ╨╕╨╖╨╝╨╡╨╜╨╡╨╜ ENTER_LONG тЖТ [94mWAIT[0m
[95m[BOTS][0m [2m05:43:05[0m - [96mINFO[0m - [94mFLOCK[0m: ╨б╨╕╨│╨╜╨░╨╗ ╨╕╨╖╨╝╨╡╨╜╨╡╨╜ ENTER_LONG тЖТ [94mWAIT[0m
[95m[BOTS][0m [2m05:43:05[0m - [96mINFO[0m - ЁЯУж [94mRSI[0m Batch [96m2[0m/[96m6[0m ╨╖╨░╨▓╨╡╤А╤И╨╡╨╜: [96m100[0m ╤Г╤Б╨┐╨╡╤Е╨╛╨▓ / [96m0[0m ╨╛╤И╨╕╨▒╨╛╨║ ╨╖╨░ [96m0.9[0ms
[95m[BOTS][0m [2m05:43:05[0m - [96mINFO[0m - ЁЯУК ╨Я╤А╨╛╨│╤А╨╡╤Б╤Б: [96m200[0m/[96m554[0m ([96m36[0m%)
[95m[BOTS][0m [2m05:43:05[0m - [96mINFO[0m - ЁЯУж [94mRSI[0m Batch [96m3[0m/[96m6[0m: size=[96m100[0m, workers=[96m50[0m, delay=[96m0.50[0ms
[95m[BOTS][0m [2m05:43:05[0m - [96mINFO[0m - [94mFLR[0m: ╨б╨╕╨│╨╜╨░╨╗ ╨╕╨╖╨╝╨╡╨╜╨╡╨╜ ENTER_LONG тЖТ [94mWAIT[0m
[95m[BOTS][0m [2m05:43:05[0m - [96mINFO[0m - [94mFOGO[0m: ╨б╨╕╨│╨╜╨░╨╗ ╨╕╨╖╨╝╨╡╨╜╨╡╨╜ ENTER_LONG тЖТ [94mWAIT[0m
[95m[BOTS][0m [2m05:43:05[0m - [96mINFO[0m - [94mFOLKS[0m: ╨б╨╕╨│╨╜╨░╨╗ ╨╕╨╖╨╝╨╡╨╜╨╡╨╜ ENTER_LONG тЖТ [94mWAIT[0m
[95m[BOTS][0m [2m05:43:05[0m - [96mINFO[0m - [94mGAS[0m: ╨б╨╕╨│╨╜╨░╨╗ ╨╕╨╖╨╝╨╡╨╜╨╡╨╜ ENTER_LONG тЖТ [94mWAIT[0m
[95m[BOTS][0m [2m05:43:05[0m - [96mINFO[0m - [94mGIGGLE[0m: ╨б╨╕╨│╨╜╨░╨╗ ╨╕╨╖╨╝╨╡╨╜╨╡╨╜ ENTER_LONG тЖТ [94mWAIT[0m
[95m[BOTS][0m [2m05:43:05[0m - [96mINFO[0m - [94mGMX[0m: ╨б╨╕╨│╨╜╨░╨╗ ╨╕╨╖╨╝╨╡╨╜╨╡╨╜ ENTER_LONG тЖТ [94mWAIT[0m
[95m[BOTS][0m [2m05:43:05[0m - [96mINFO[0m - [94mGRASS[0m: ╨б╨╕╨│╨╜╨░╨╗ ╨╕╨╖╨╝╨╡╨╜╨╡╨╜ ENTER_LONG тЖТ [94mWAIT[0m
[95m[BOTS][0m [2m05:43:05[0m - [96mINFO[0m - [94mGOAT[0m: ╨б╨╕╨│╨╜╨░╨╗ ╨╕╨╖╨╝╨╡╨╜╨╡╨╜ ENTER_LONG тЖТ [94mWAIT[0m
[95m[BOTS][0m [2m05:43:05[0m - [96mINFO[0m - [94mGRIFFAIN[0m: ╨б╨╕╨│╨╜╨░╨╗ ╨╕╨╖╨╝╨╡╨╜╨╡╨╜ ENTER_LONG тЖТ [94mWAIT[0m
[95m[BOTS][0m [2m05:43:05[0m - [96mINFO[0m - [94mHAEDAL[0m: ╨б╨╕╨│╨╜╨░╨╗ ╨╕╨╖╨╝╨╡╨╜╨╡╨╜ ENTER_LONG тЖТ [94mWAIT[0m
[95m[BOTS][0m [2m05:43:05[0m - [96mINFO[0m - [94mHEMI[0m: ╨б╨╕╨│╨╜╨░╨╗ ╨╕╨╖╨╝╨╡╨╜╨╡╨╜ ENTER_LONG тЖТ [94mWAIT[0m
[95m[BOTS][0m [2m05:43:05[0m - [96mINFO[0m - [94mHIPPO[0m: ╨б╨╕╨│╨╜╨░╨╗ ╨╕╨╖╨╝╨╡╨╜╨╡╨╜ ENTER_LONG тЖТ [94mWAIT[0m
[95m[BOTS][0m [2m05:43:05[0m - [96mINFO[0m - [94mIN[0m: ╨б╨╕╨│╨╜╨░╨╗ ╨╕╨╖╨╝╨╡╨╜╨╡╨╜ ENTER_LONG тЖТ [94mWAIT[0m
[95m[BOTS][0m [2m05:43:05[0m - [96mINFO[0m - [94mIOST[0m: ╨б╨╕╨│╨╜╨░╨╗ ╨╕╨╖╨╝╨╡╨╜╨╡╨╜ ENTER_LONG тЖТ [94mWAIT[0m
[95m[BOTS][0m [2m05:43:05[0m - [96mINFO[0m - [94mIOTA[0m: ╨б╨╕╨│╨╜╨░╨╗ ╨╕╨╖╨╝╨╡╨╜╨╡╨╜ ENTER_LONG тЖТ [94mWAIT[0m
[95m[BOTS][0m [2m05:43:05[0m - [96mINFO[0m - [94mJTO[0m: ╨б╨╕╨│╨╜╨░╨╗ ╨╕╨╖╨╝╨╡╨╜╨╡╨╜ ENTER_LONG тЖТ [94mWAIT[0m
[95m[BOTS][0m [2m05:43:05[0m - [96mINFO[0m - [94mKAIA[0m: ╨б╨╕╨│╨╜╨░╨╗ ╨╕╨╖╨╝╨╡╨╜╨╡╨╜ ENTER_LONG тЖТ [94mWAIT[0m
[95m[BOTS][0m [2m05:43:05[0m - [96mINFO[0m - [94mKAS[0m: ╨б╨╕╨│╨╜╨░╨╗ ╨╕╨╖╨╝╨╡╨╜╨╡╨╜ ENTER_LONG тЖТ [94mWAIT[0m
[95m[BOTS][0m [2m05:43:05[0m - [96mINFO[0m - [94mKMNO[0m: ╨б╨╕╨│╨╜╨░╨╗ ╨╕╨╖╨╝╨╡╨╜╨╡╨╜ ENTER_LONG тЖТ [94mWAIT[0m
[95m[BOTS][0m [2m05:43:05[0m - [96mINFO[0m - [94mLDO[0m: ╨б╨╕╨│╨╜╨░╨╗ ╨╕╨╖╨╝╨╡╨╜╨╡╨╜ ENTER_LONG тЖТ [94mWAIT[0m
[95m[BOTS][0m [2m05:43:05[0m - [96mINFO[0m - [94mLIGHT[0m: ╨б╨╕╨│╨╜╨░╨╗ ╨╕╨╖╨╝╨╡╨╜╨╡╨╜ ENTER_LONG тЖТ [94mWAIT[0m
[95m[BOTS][0m [2m05:43:05[0m - [96mINFO[0m - [94mLINEA[0m: ╨б╨╕╨│╨╜╨░╨╗ ╨╕╨╖╨╝╨╡╨╜╨╡╨╜ ENTER_LONG тЖТ [94mWAIT[0m
[95m[BOTS][0m [2m05:43:05[0m - [96mINFO[0m - [94mLRC[0m: ╨б╨╕╨│╨╜╨░╨╗ ╨╕╨╖╨╝╨╡╨╜╨╡╨╜ ENTER_LONG тЖТ [94mWAIT[0m
[95m[BOTS][0m [2m05:43:05[0m - [96mINFO[0m - [94mLSK[0m: ╨б╨╕╨│╨╜╨░╨╗ ╨╕╨╖╨╝╨╡╨╜╨╡╨╜ ENTER_LONG тЖТ [94mWAIT[0m
[95m[BOTS][0m [2m05:43:05[0m - [96mINFO[0m - [94mLTC[0m: ╨б╨╕╨│╨╜╨░╨╗ ╨╕╨╖╨╝╨╡╨╜╨╡╨╜ ENTER_LONG тЖТ [94mWAIT[0m
[95m[BOTS][0m [2m05:43:05[0m - [96mINFO[0m - [94mLUNA[0m[96m2[0m: ╨б╨╕╨│╨╜╨░╨╗ ╨╕╨╖╨╝╨╡╨╜╨╡╨╜ ENTER_LONG тЖТ [94mWAIT[0m
[95m[BOTS][0m [2m05:43:05[0m - [96mINFO[0m - [94mMAGMA[0m: ╨б╨╕╨│╨╜╨░╨╗ ╨╕╨╖╨╝╨╡╨╜╨╡╨╜ ENTER_LONG тЖТ [94mWAIT[0m
[95m[BOTS][0m [2m05:43:05[0m - [96mINFO[0m - [94mMAV[0m: ╨б╨╕╨│╨╜╨░╨╗ ╨╕╨╖╨╝╨╡╨╜╨╡╨╜ ENTER_LONG тЖТ [94mWAIT[0m
[95m[BOTS][0m [2m05:43:05[0m - [96mINFO[0m - [94mMAVIA[0m: ╨б╨╕╨│╨╜╨░╨╗ ╨╕╨╖╨╝╨╡╨╜╨╡╨╜ ENTER_LONG тЖТ [94mWAIT[0m
[95m[BOTS][0m [2m05:43:06[0m - [93mWARNING[0m - [93mLAB: тЪая╕П ╨Я╨а╨Х╨Ф╨г╨Я╨а╨Х╨Ц╨Ф╨Х╨Э╨Ш╨Х (AI): ╨Р╨╜╨╛╨╝╨░╨╗╨╕╤П MANIPULATION (severity: 70.00% - ╨╜╨╕╨╢╨╡ ╨┐╨╛╤А╨╛╨│╨░ 70.00%)[0m
[95m[BOTS][0m [2m05:43:06[0m - [93mWARNING[0m - [93mMAGMA: тЪая╕П ╨Я╨а╨Х╨Ф╨г╨Я╨а╨Х╨Ц╨Ф╨Х╨Э╨Ш╨Х (AI): ╨Р╨╜╨╛╨╝╨░╨╗╨╕╤П MANIPULATION (severity: 63.43% - ╨╜╨╕╨╢╨╡ ╨┐╨╛╤А╨╛╨│╨░ 70.00%)[0m
[95m[BOTS][0m [2m05:43:06[0m - [96mINFO[0m - ЁЯУж [94mRSI[0m Batch [96m3[0m/[96m6[0m ╨╖╨░╨▓╨╡╤А╤И╨╡╨╜: [96m100[0m ╤Г╤Б╨┐╨╡╤Е╨╛╨▓ / [96m0[0m ╨╛╤И╨╕╨▒╨╛╨║ ╨╖╨░ [96m1.0[0ms
[95m[BOTS][0m [2m05:43:06[0m - [96mINFO[0m - ЁЯУК ╨Я╤А╨╛╨│╤А╨╡╤Б╤Б: [96m300[0m/[96m554[0m ([96m54[0m%)
[95m[BOTS][0m [2m05:43:06[0m - [96mINFO[0m - ЁЯУж [94mRSI[0m Batch [96m4[0m/[96m6[0m: size=[96m100[0m, workers=[96m50[0m, delay=[96m0.50[0ms
[95m[BOTS][0m [2m05:43:06[0m - [96mINFO[0m - [94mMEME[0m: ╨б╨╕╨│╨╜╨░╨╗ ╨╕╨╖╨╝╨╡╨╜╨╡╨╜ ENTER_LONG тЖТ [94mWAIT[0m
[95m[BOTS][0m [2m05:43:06[0m - [96mINFO[0m - [94mMIRA[0m: ╨б╨╕╨│╨╜╨░╨╗ ╨╕╨╖╨╝╨╡╨╜╨╡╨╜ ENTER_LONG тЖТ [94mWAIT[0m
[95m[BOTS][0m [2m05:43:06[0m - [96mINFO[0m - [94mMMT[0m: ╨б╨╕╨│╨╜╨░╨╗ ╨╕╨╖╨╝╨╡╨╜╨╡╨╜ ENTER_LONG тЖТ [94mWAIT[0m
[95m[BOTS][0m [2m05:43:06[0m - [96mINFO[0m - [94mMLN[0m: ╨б╨╕╨│╨╜╨░╨╗ ╨╕╨╖╨╝╨╡╨╜╨╡╨╜ ENTER_LONG тЖТ [94mWAIT[0m
[95m[BOTS][0m [2m05:43:06[0m - [96mINFO[0m - [94mMOODENG[0m: ╨б╨╕╨│╨╜╨░╨╗ ╨╕╨╖╨╝╨╡╨╜╨╡╨╜ ENTER_LONG тЖТ [94mWAIT[0m
[95m[BOTS][0m [2m05:43:06[0m - [96mINFO[0m - [94mNAORIS[0m: ╨б╨╕╨│╨╜╨░╨╗ ╨╕╨╖╨╝╨╡╨╜╨╡╨╜ ENTER_LONG тЖТ [94mWAIT[0m
[95m[BOTS][0m [2m05:43:06[0m - [93mWARNING[0m - [93mNAORIS: тЪая╕П ╨Я╨а╨Х╨Ф╨г╨Я╨а╨Х╨Ц╨Ф╨Х╨Э╨Ш╨Х (AI): ╨Р╨╜╨╛╨╝╨░╨╗╨╕╤П MANIPULATION (severity: 59.39% - ╨╜╨╕╨╢╨╡ ╨┐╨╛╤А╨╛╨│╨░ 70.00%)[0m
[95m[BOTS][0m [2m05:43:06[0m - [96mINFO[0m - [94mNIGHT[0m: ╨б╨╕╨│╨╜╨░╨╗ ╨╕╨╖╨╝╨╡╨╜╨╡╨╜ ENTER_LONG тЖТ [94mWAIT[0m
[95m[BOTS][0m [2m05:43:06[0m - [96mINFO[0m - [94mNKN[0m: ╨б╨╕╨│╨╜╨░╨╗ ╨╕╨╖╨╝╨╡╨╜╨╡╨╜ ENTER_LONG тЖТ [94mWAIT[0m
[95m[BOTS][0m [2m05:43:06[0m - [96mINFO[0m - [94mNMR[0m: ╨б╨╕╨│╨╜╨░╨╗ ╨╕╨╖╨╝╨╡╨╜╨╡╨╜ ENTER_LONG тЖТ [94mWAIT[0m
[95m[BOTS][0m [2m05:43:06[0m - [93mWARNING[0m - [93mNMR: тЪая╕П ╨Я╨а╨Х╨Ф╨г╨Я╨а╨Х╨Ц╨Ф╨Х╨Э╨Ш╨Х (AI): ╨Р╨╜╨╛╨╝╨░╨╗╨╕╤П MANIPULATION (severity: 67.81% - ╨╜╨╕╨╢╨╡ ╨┐╨╛╤А╨╛╨│╨░ 70.00%)[0m
[95m[BOTS][0m [2m05:43:06[0m - [96mINFO[0m - [94mNTRN[0m: ╨б╨╕╨│╨╜╨░╨╗ ╨╕╨╖╨╝╨╡╨╜╨╡╨╜ ENTER_LONG тЖТ [94mWAIT[0m
[95m[BOTS][0m [2m05:43:06[0m - [96mINFO[0m - [94mOBT[0m: ╨б╨╕╨│╨╜╨░╨╗ ╨╕╨╖╨╝╨╡╨╜╨╡╨╜ ENTER_LONG тЖТ [94mWAIT[0m
[95m[BOTS][0m [2m05:43:06[0m - [93mWARNING[0m - [93mOKB: тЪая╕П ╨Я╨а╨Х╨Ф╨г╨Я╨а╨Х╨Ц╨Ф╨Х╨Э╨Ш╨Х (AI): ╨Р╨╜╨╛╨╝╨░╨╗╨╕╤П MANIPULATION (severity: 68.37% - ╨╜╨╕╨╢╨╡ ╨┐╨╛╤А╨╛╨│╨░ 70.00%)[0m
[95m[BOTS][0m [2m05:43:06[0m - [96mINFO[0m - [94mOG[0m: ╨б╨╕╨│╨╜╨░╨╗ ╨╕╨╖╨╝╨╡╨╜╨╡╨╜ ENTER_LONG тЖТ [94mWAIT[0m
[95m[BOTS][0m [2m05:43:06[0m - [96mINFO[0m - [94mOM[0m: ╨б╨╕╨│╨╜╨░╨╗ ╨╕╨╖╨╝╨╡╨╜╨╡╨╜ ENTER_LONG тЖТ [94mWAIT[0m
[95m[BOTS][0m [2m05:43:06[0m - [96mINFO[0m - [94mONDO[0m: ╨б╨╕╨│╨╜╨░╨╗ ╨╕╨╖╨╝╨╡╨╜╨╡╨╜ ENTER_LONG тЖТ [94mWAIT[0m
[95m[BOTS][0m [2m05:43:06[0m - [96mINFO[0m - [94mONG[0m: ╨б╨╕╨│╨╜╨░╨╗ ╨╕╨╖╨╝╨╡╨╜╨╡╨╜ ENTER_LONG тЖТ [94mWAIT[0m
[95m[BOTS][0m [2m05:43:06[0m - [93mWARNING[0m - [93mONT: тЪая╕П ╨Я╨а╨Х╨Ф╨г╨Я╨а╨Х╨Ц╨Ф╨Х╨Э╨Ш╨Х (AI): ╨Р╨╜╨╛╨╝╨░╨╗╨╕╤П MANIPULATION (severity: 64.56% - ╨╜╨╕╨╢╨╡ ╨┐╨╛╤А╨╛╨│╨░ 70.00%)[0m
[95m[BOTS][0m [2m05:43:06[0m - [96mINFO[0m - [94mORBS[0m: ╨б╨╕╨│╨╜╨░╨╗ ╨╕╨╖╨╝╨╡╨╜╨╡╨╜ ENTER_LONG тЖТ [94mWAIT[0m
[95m[BOTS][0m [2m05:43:06[0m - [96mINFO[0m - [94mORCA[0m: ╨б╨╕╨│╨╜╨░╨╗ ╨╕╨╖╨╝╨╡╨╜╨╡╨╜ ENTER_LONG тЖТ [94mWAIT[0m
[95m[BOTS][0m [2m05:43:06[0m - [96mINFO[0m - [94mORDER[0m: ╨б╨╕╨│╨╜╨░╨╗ ╨╕╨╖╨╝╨╡╨╜╨╡╨╜ ENTER_LONG тЖТ [94mWAIT[0m
[95m[BOTS][0m [2m05:43:06[0m - [96mINFO[0m - [94mPENDLE[0m: ╨б╨╕╨│╨╜╨░╨╗ ╨╕╨╖╨╝╨╡╨╜╨╡╨╜ ENTER_LONG тЖТ [94mWAIT[0m
[95m[BOTS][0m [2m05:43:06[0m - [96mINFO[0m - [94mPENGU[0m: ╨б╨╕╨│╨╜╨░╨╗ ╨╕╨╖╨╝╨╡╨╜╨╡╨╜ ENTER_LONG тЖТ [94mWAIT[0m
[95m[BOTS][0m [2m05:43:06[0m - [93mWARNING[0m - [93mPENGU: тЪая╕П ╨Я╨а╨Х╨Ф╨г╨Я╨а╨Х╨Ц╨Ф╨Х╨Э╨Ш╨Х (AI): ╨Р╨╜╨╛╨╝╨░╨╗╨╕╤П MANIPULATION (severity: 67.93% - ╨╜╨╕╨╢╨╡ ╨┐╨╛╤А╨╛╨│╨░ 70.00%)[0m
[95m[BOTS][0m [2m05:43:06[0m - [96mINFO[0m - [94mPHB[0m: ╨б╨╕╨│╨╜╨░╨╗ ╨╕╨╖╨╝╨╡╨╜╨╡╨╜ ENTER_LONG тЖТ [94mWAIT[0m
[95m[BOTS][0m [2m05:43:06[0m - [96mINFO[0m - [94mPLUME[0m: ╨б╨╕╨│╨╜╨░╨╗ ╨╕╨╖╨╝╨╡╨╜╨╡╨╜ ENTER_LONG тЖТ [94mWAIT[0m
[95m[BOTS][0m [2m05:43:06[0m - [96mINFO[0m - [94mPNUT[0m: ╨б╨╕╨│╨╜╨░╨╗ ╨╕╨╖╨╝╨╡╨╜╨╡╨╜ ENTER_LONG тЖТ [94mWAIT[0m
[95m[BOTS][0m [2m05:43:06[0m - [96mINFO[0m - [94mPOLYX[0m: ╨б╨╕╨│╨╜╨░╨╗ ╨╕╨╖╨╝╨╡╨╜╨╡╨╜ ENTER_LONG тЖТ [94mWAIT[0m
[95m[BOTS][0m [2m05:43:06[0m - [93mWARNING[0m - [93mPONKE: тЪая╕П ╨Я╨а╨Х╨Ф╨г╨Я╨а╨Х╨Ц╨Ф╨Х╨Э╨Ш╨Х (AI): ╨Р╨╜╨╛╨╝╨░╨╗╨╕╤П MANIPULATION (severity: 50.66% - ╨╜╨╕╨╢╨╡ ╨┐╨╛╤А╨╛╨│╨░ 70.00%)[0m
[95m[BOTS][0m [2m05:43:06[0m - [96mINFO[0m - [94mPOPCAT[0m: ╨б╨╕╨│╨╜╨░╨╗ ╨╕╨╖╨╝╨╡╨╜╨╡╨╜ ENTER_LONG тЖТ [94mWAIT[0m
[95m[BOTS][0m [2m05:43:06[0m - [93mWARNING[0m - [93mPORTAL: тЪая╕П ╨Я╨а╨Х╨Ф╨г╨Я╨а╨Х╨Ц╨Ф╨Х╨Э╨Ш╨Х (AI): ╨Р╨╜╨╛╨╝╨░╨╗╨╕╤П MANIPULATION (severity: 64.46% - ╨╜╨╕╨╢╨╡ ╨┐╨╛╤А╨╛╨│╨░ 70.00%)[0m
[95m[BOTS][0m [2m05:43:06[0m - [96mINFO[0m - [94mPROM[0m: ╨б╨╕╨│╨╜╨░╨╗ ╨╕╨╖╨╝╨╡╨╜╨╡╨╜ ENTER_LONG тЖТ [94mWAIT[0m
[95m[BOTS][0m [2m05:43:06[0m - [96mINFO[0m - [94mPROVE[0m: ╨б╨╕╨│╨╜╨░╨╗ ╨╕╨╖╨╝╨╡╨╜╨╡╨╜ ENTER_LONG тЖТ [94mWAIT[0m
[95m[BOTS][0m [2m05:43:06[0m - [96mINFO[0m - [94mPTB[0m: ╨б╨╕╨│╨╜╨░╨╗ ╨╕╨╖╨╝╨╡╨╜╨╡╨╜ ENTER_LONG тЖТ [94mWAIT[0m
[95m[BOTS][0m [2m05:43:06[0m - [96mINFO[0m - [94mPUFFER[0m: ╨б╨╕╨│╨╜╨░╨╗ ╨╕╨╖╨╝╨╡╨╜╨╡╨╜ ENTER_LONG тЖТ [94mWAIT[0m
[95m[BOTS][0m [2m05:43:06[0m - [96mINFO[0m - [94mPUMPBTC[0m: ╨б╨╕╨│╨╜╨░╨╗ ╨╕╨╖╨╝╨╡╨╜╨╡╨╜ ENTER_LONG тЖТ [94mWAIT[0m
[95m[BOTS][0m [2m05:43:06[0m - [96mINFO[0m - [94mPYTH[0m: ╨б╨╕╨│╨╜╨░╨╗ ╨╕╨╖╨╝╨╡╨╜╨╡╨╜ ENTER_LONG тЖТ [94mWAIT[0m
[95m[BOTS][0m [2m05:43:06[0m - [96mINFO[0m - [94mRAYDIUM[0m: ╨б╨╕╨│╨╜╨░╨╗ ╨╕╨╖╨╝╨╡╨╜╨╡╨╜ ENTER_LONG тЖТ [94mWAIT[0m
[95m[BOTS][0m [2m05:43:06[0m - [96mINFO[0m - [94mRDNT[0m: ╨б╨╕╨│╨╜╨░╨╗ ╨╕╨╖╨╝╨╡╨╜╨╡╨╜ ENTER_LONG тЖТ [94mWAIT[0m
[95m[BOTS][0m [2m05:43:06[0m - [96mINFO[0m - [94mRECALL[0m: ╨б╨╕╨│╨╜╨░╨╗ ╨╕╨╖╨╝╨╡╨╜╨╡╨╜ ENTER_LONG тЖТ [94mWAIT[0m
[95m[BOTS][0m [2m05:43:06[0m - [96mINFO[0m - [94mREZ[0m: ╨б╨╕╨│╨╜╨░╨╗ ╨╕╨╖╨╝╨╡╨╜╨╡╨╜ ENTER_LONG тЖТ [94mWAIT[0m
[95m[BOTS][0m [2m05:43:07[0m - [93mWARNING[0m - [93mRECALL: тЪая╕П ╨Я╨а╨Х╨Ф╨г╨Я╨а╨Х╨Ц╨Ф╨Х╨Э╨Ш╨Х (AI): ╨Р╨╜╨╛╨╝╨░╨╗╨╕╤П MANIPULATION (severity: 63.87% - ╨╜╨╕╨╢╨╡ ╨┐╨╛╤А╨╛╨│╨░ 70.00%)[0m
[95m[BOTS][0m [2m05:43:07[0m - [96mINFO[0m - ЁЯУж [94mRSI[0m Batch [96m4[0m/[96m6[0m ╨╖╨░╨▓╨╡╤А╤И╨╡╨╜: [96m100[0m ╤Г╤Б╨┐╨╡╤Е╨╛╨▓ / [96m0[0m ╨╛╤И╨╕╨▒╨╛╨║ ╨╖╨░ [96m1.0[0ms
[95m[BOTS][0m [2m05:43:07[0m - [96mINFO[0m - ЁЯУК ╨Я╤А╨╛╨│╤А╨╡╤Б╤Б: [96m400[0m/[96m554[0m ([96m72[0m%)
[95m[BOTS][0m [2m05:43:07[0m - [96mINFO[0m - ЁЯУж [94mRSI[0m Batch [96m5[0m/[96m6[0m: size=[96m100[0m, workers=[96m50[0m, delay=[96m0.50[0ms
[95m[BOTS][0m [2m05:43:07[0m - [96mINFO[0m - [94mROAM[0m: ╨б╨╕╨│╨╜╨░╨╗ ╨╕╨╖╨╝╨╡╨╜╨╡╨╜ ENTER_LONG тЖТ [94mWAIT[0m
[95m[BOTS][0m [2m05:43:07[0m - [93mWARNING[0m - [93mRVN: тЪая╕П ╨Я╨а╨Х╨Ф╨г╨Я╨а╨Х╨Ц╨Ф╨Х╨Э╨Ш╨Х (AI): ╨Р╨╜╨╛╨╝╨░╨╗╨╕╤П MANIPULATION (severity: 69.49% - ╨╜╨╕╨╢╨╡ ╨┐╨╛╤А╨╛╨│╨░ 70.00%)[0m
[95m[BOTS][0m [2m05:43:07[0m - [96mINFO[0m - [94mRSR[0m: ╨б╨╕╨│╨╜╨░╨╗ ╨╕╨╖╨╝╨╡╨╜╨╡╨╜ ENTER_LONG тЖТ [94mWAIT[0m
[95m[BOTS][0m [2m05:43:07[0m - [96mINFO[0m - [94mSAHARA[0m: ╨б╨╕╨│╨╜╨░╨╗ ╨╕╨╖╨╝╨╡╨╜╨╡╨╜ ENTER_LONG тЖТ [94mWAIT[0m
[95m[BOTS][0m [2m05:43:07[0m - [96mINFO[0m - [94mSAROS[0m: ╨б╨╕╨│╨╜╨░╨╗ ╨╕╨╖╨╝╨╡╨╜╨╡╨╜ ENTER_LONG тЖТ [94mWAIT[0m
[95m[BOTS][0m [2m05:43:07[0m - [96mINFO[0m - [94mSEI[0m: ╨б╨╕╨│╨╜╨░╨╗ ╨╕╨╖╨╝╨╡╨╜╨╡╨╜ ENTER_LONG тЖТ [94mWAIT[0m
[95m[BOTS][0m [2m05:43:07[0m - [96mINFO[0m - [94mSOL[0m: ╨б╨╕╨│╨╜╨░╨╗ ╨╕╨╖╨╝╨╡╨╜╨╡╨╜ ENTER_LONG тЖТ [94mWAIT[0m
[95m[BOTS][0m [2m05:43:07[0m - [96mINFO[0m - [94mSOLAYER[0m: ╨б╨╕╨│╨╜╨░╨╗ ╨╕╨╖╨╝╨╡╨╜╨╡╨╜ ENTER_LONG тЖТ [94mWAIT[0m
[95m[BOTS][0m [2m05:43:07[0m - [93mWARNING[0m - [93mSOL: тЪая╕П ╨Я╨а╨Х╨Ф╨г╨Я╨а╨Х╨Ц╨Ф╨Х╨Э╨Ш╨Х (AI): ╨Р╨╜╨╛╨╝╨░╨╗╨╕╤П MANIPULATION (severity: 66.81% - ╨╜╨╕╨╢╨╡ ╨┐╨╛╤А╨╛╨│╨░ 70.00%)[0m
[95m[BOTS][0m [2m05:43:07[0m - [96mINFO[0m - [94mSOMI[0m: ╨б╨╕╨│╨╜╨░╨╗ ╨╕╨╖╨╝╨╡╨╜╨╡╨╜ ENTER_LONG тЖТ [94mWAIT[0m
[95m[BOTS][0m [2m05:43:07[0m - [96mINFO[0m - [94mSOON[0m: ╨б╨╕╨│╨╜╨░╨╗ ╨╕╨╖╨╝╨╡╨╜╨╡╨╜ ENTER_LONG тЖТ [94mWAIT[0m
[95m[BOTS][0m [2m05:43:07[0m - [96mINFO[0m - [94mSONIC[0m: ╨б╨╕╨│╨╜╨░╨╗ ╨╕╨╖╨╝╨╡╨╜╨╡╨╜ ENTER_LONG тЖТ [94mWAIT[0m
[95m[BOTS][0m [2m05:43:07[0m - [93mWARNING[0m - [93mSPELL: тЪая╕П ╨Я╨а╨Х╨Ф╨г╨Я╨а╨Х╨Ц╨Ф╨Х╨Э╨Ш╨Х (AI): ╨Р╨╜╨╛╨╝╨░╨╗╨╕╤П MANIPULATION (severity: 64.85% - ╨╜╨╕╨╢╨╡ ╨┐╨╛╤А╨╛╨│╨░ 70.00%)[0m
[95m[BOTS][0m [2m05:43:07[0m - [93mWARNING[0m - [93mSPX: тЪая╕П ╨Я╨а╨Х╨Ф╨г╨Я╨а╨Х╨Ц╨Ф╨Х╨Э╨Ш╨Х (AI): ╨Р╨╜╨╛╨╝╨░╨╗╨╕╤П MANIPULATION (severity: 66.01% - ╨╜╨╕╨╢╨╡ ╨┐╨╛╤А╨╛╨│╨░ 70.00%)[0m
[95m[BOTS][0m [2m05:43:07[0m - [96mINFO[0m - [94mSTBL[0m: ╨б╨╕╨│╨╜╨░╨╗ ╨╕╨╖╨╝╨╡╨╜╨╡╨╜ ENTER_LONG тЖТ [94mWAIT[0m
[95m[BOTS][0m [2m05:43:07[0m - [96mINFO[0m - [94mSTEEM[0m: ╨б╨╕╨│╨╜╨░╨╗ ╨╕╨╖╨╝╨╡╨╜╨╡╨╜ ENTER_LONG тЖТ [94mWAIT[0m
[95m[BOTS][0m [2m05:43:07[0m - [96mINFO[0m - [94mSTX[0m: ╨б╨╕╨│╨╜╨░╨╗ ╨╕╨╖╨╝╨╡╨╜╨╡╨╜ ENTER_LONG тЖТ [94mWAIT[0m
[95m[BOTS][0m [2m05:43:07[0m - [96mINFO[0m - [94mSUI[0m: ╨б╨╕╨│╨╜╨░╨╗ ╨╕╨╖╨╝╨╡╨╜╨╡╨╜ ENTER_LONG тЖТ [94mWAIT[0m
[95m[BOTS][0m [2m05:43:07[0m - [96mINFO[0m - [94mSWARMS[0m: ╨б╨╕╨│╨╜╨░╨╗ ╨╕╨╖╨╝╨╡╨╜╨╡╨╜ ENTER_LONG тЖТ [94mWAIT[0m
[95m[BOTS][0m [2m05:43:07[0m - [96mINFO[0m - [94mTAO[0m: ╨б╨╕╨│╨╜╨░╨╗ ╨╕╨╖╨╝╨╡╨╜╨╡╨╜ ENTER_LONG тЖТ [94mWAIT[0m
[95m[BOTS][0m [2m05:43:07[0m - [96mINFO[0m - [94mTIA[0m: ╨б╨╕╨│╨╜╨░╨╗ ╨╕╨╖╨╝╨╡╨╜╨╡╨╜ ENTER_LONG тЖТ [94mWAIT[0m
[95m[BOTS][0m [2m05:43:07[0m - [96mINFO[0m - [94mTLM[0m: ╨б╨╕╨│╨╜╨░╨╗ ╨╕╨╖╨╝╨╡╨╜╨╡╨╜ ENTER_LONG тЖТ [94mWAIT[0m
[95m[BOTS][0m [2m05:43:07[0m - [96mINFO[0m - [94mTON[0m: ╨б╨╕╨│╨╜╨░╨╗ ╨╕╨╖╨╝╨╡╨╜╨╡╨╜ ENTER_LONG тЖТ [94mWAIT[0m
[95m[BOTS][0m [2m05:43:07[0m - [96mINFO[0m - [94mTRU[0m: ╨б╨╕╨│╨╜╨░╨╗ ╨╕╨╖╨╝╨╡╨╜╨╡╨╜ ENTER_LONG тЖТ [94mWAIT[0m
[95m[BOTS][0m [2m05:43:07[0m - [96mINFO[0m - [94mTRUMP[0m: ╨б╨╕╨│╨╜╨░╨╗ ╨╕╨╖╨╝╨╡╨╜╨╡╨╜ ENTER_LONG тЖТ [94mWAIT[0m
[95m[BOTS][0m [2m05:43:07[0m - [96mINFO[0m - [94mTRUST[0m: ╨б╨╕╨│╨╜╨░╨╗ ╨╕╨╖╨╝╨╡╨╜╨╡╨╜ ENTER_LONG тЖТ [94mWAIT[0m
[95m[BOTS][0m [2m05:43:07[0m - [96mINFO[0m - [94mUNI[0m: ╨б╨╕╨│╨╜╨░╨╗ ╨╕╨╖╨╝╨╡╨╜╨╡╨╜ ENTER_LONG тЖТ [94mWAIT[0m
[95m[BOTS][0m [2m05:43:07[0m - [96mINFO[0m - [94mVANRY[0m: ╨б╨╕╨│╨╜╨░╨╗ ╨╕╨╖╨╝╨╡╨╜╨╡╨╜ ENTER_SHORT тЖТ [94mWAIT[0m
[95m[BOTS][0m [2m05:43:07[0m - [93mWARNING[0m - [93mVANRY: тЪая╕П ╨Я╨а╨Х╨Ф╨г╨Я╨а╨Х╨Ц╨Ф╨Х╨Э╨Ш╨Х (AI): ╨Р╨╜╨╛╨╝╨░╨╗╨╕╤П MANIPULATION (severity: 70.00% - ╨╜╨╕╨╢╨╡ ╨┐╨╛╤А╨╛╨│╨░ 70.00%)[0m
[95m[BOTS][0m [2m05:43:07[0m - [96mINFO[0m - [94mVELODROME[0m: ╨б╨╕╨│╨╜╨░╨╗ ╨╕╨╖╨╝╨╡╨╜╨╡╨╜ ENTER_LONG тЖТ [94mWAIT[0m
[95m[BOTS][0m [2m05:43:09[0m - [96mINFO[0m - ЁЯУж [94mRSI[0m Batch [96m5[0m/[96m6[0m ╨╖╨░╨▓╨╡╤А╤И╨╡╨╜: [96m100[0m ╤Г╤Б╨┐╨╡╤Е╨╛╨▓ / [96m0[0m ╨╛╤И╨╕╨▒╨╛╨║ ╨╖╨░ [96m1.7[0ms
[95m[BOTS][0m [2m05:43:09[0m - [96mINFO[0m - ЁЯУК ╨Я╤А╨╛╨│╤А╨╡╤Б╤Б: [96m500[0m/[96m554[0m ([96m90[0m%)
[95m[BOTS][0m [2m05:43:09[0m - [96mINFO[0m - ЁЯУж [94mRSI[0m Batch [96m6[0m/[96m6[0m: size=[96m54[0m, workers=[96m50[0m, delay=[96m0.50[0ms
[95m[BOTS][0m [2m05:43:09[0m - [96mINFO[0m - [94mVINE[0m: ╨б╨╕╨│╨╜╨░╨╗ ╨╕╨╖╨╝╨╡╨╜╨╡╨╜ ENTER_LONG тЖТ [94mWAIT[0m
[95m[BOTS][0m [2m05:43:09[0m - [96mINFO[0m - [94mVIRTUAL[0m: ╨б╨╕╨│╨╜╨░╨╗ ╨╕╨╖╨╝╨╡╨╜╨╡╨╜ ENTER_LONG тЖТ [94mWAIT[0m
[95m[BOTS][0m [2m05:43:09[0m - [96mINFO[0m - W: ╨б╨╕╨│╨╜╨░╨╗ ╨╕╨╖╨╝╨╡╨╜╨╡╨╜ ENTER_LONG тЖТ [94mWAIT[0m
[95m[BOTS][0m [2m05:43:09[0m - [93mWARNING[0m - [93mVIRTUAL: тЪая╕П ╨Я╨а╨Х╨Ф╨г╨Я╨а╨Х╨Ц╨Ф╨Х╨Э╨Ш╨Х (AI): ╨Р╨╜╨╛╨╝╨░╨╗╨╕╤П MANIPULATION (severity: 60.31% - ╨╜╨╕╨╢╨╡ ╨┐╨╛╤А╨╛╨│╨░ 70.00%)[0m
[95m[BOTS][0m [2m05:43:09[0m - [96mINFO[0m - [94mWET[0m: ╨б╨╕╨│╨╜╨░╨╗ ╨╕╨╖╨╝╨╡╨╜╨╡╨╜ ENTER_LONG тЖТ [94mWAIT[0m
[95m[BOTS][0m [2m05:43:09[0m - [96mINFO[0m - [94mWIF[0m: ╨б╨╕╨│╨╜╨░╨╗ ╨╕╨╖╨╝╨╡╨╜╨╡╨╜ ENTER_LONG тЖТ [94mWAIT[0m
[95m[BOTS][0m [2m05:43:09[0m - [96mINFO[0m - [94mWLD[0m: ╨б╨╕╨│╨╜╨░╨╗ ╨╕╨╖╨╝╨╡╨╜╨╡╨╜ ENTER_LONG тЖТ [94mWAIT[0m
[95m[BOTS][0m [2m05:43:09[0m - [96mINFO[0m - [94mXAN[0m: ╨б╨╕╨│╨╜╨░╨╗ ╨╕╨╖╨╝╨╡╨╜╨╡╨╜ ENTER_LONG тЖТ [94mWAIT[0m
[95m[BOTS][0m [2m05:43:09[0m - [96mINFO[0m - [94mXDC[0m: ╨б╨╕╨│╨╜╨░╨╗ ╨╕╨╖╨╝╨╡╨╜╨╡╨╜ ENTER_LONG тЖТ [94mWAIT[0m
[95m[BOTS][0m [2m05:43:09[0m - [93mWARNING[0m - [93mXLM: тЪая╕П ╨Я╨а╨Х╨Ф╨г╨Я╨а╨Х╨Ц╨Ф╨Х╨Э╨Ш╨Х (AI): ╨Р╨╜╨╛╨╝╨░╨╗╨╕╤П MANIPULATION (severity: 69.93% - ╨╜╨╕╨╢╨╡ ╨┐╨╛╤А╨╛╨│╨░ 70.00%)[0m
[95m[BOTS][0m [2m05:43:09[0m - [96mINFO[0m - [94mXNY[0m: ╨б╨╕╨│╨╜╨░╨╗ ╨╕╨╖╨╝╨╡╨╜╨╡╨╜ ENTER_LONG тЖТ [94mWAIT[0m
[95m[BOTS][0m [2m05:43:09[0m - [96mINFO[0m - [94mXPL[0m: ╨б╨╕╨│╨╜╨░╨╗ ╨╕╨╖╨╝╨╡╨╜╨╡╨╜ ENTER_LONG тЖТ [94mWAIT[0m
[95m[BOTS][0m [2m05:43:09[0m - [96mINFO[0m - [94mXRP[0m: ╨б╨╕╨│╨╜╨░╨╗ ╨╕╨╖╨╝╨╡╨╜╨╡╨╜ ENTER_LONG тЖТ [94mWAIT[0m
[95m[BOTS][0m [2m05:43:09[0m - [93mWARNING[0m - [93mXRP: тЪая╕П ╨Я╨а╨Х╨Ф╨г╨Я╨а╨Х╨Ц╨Ф╨Х╨Э╨Ш╨Х (AI): ╨Р╨╜╨╛╨╝╨░╨╗╨╕╤П MANIPULATION (severity: 69.85% - ╨╜╨╕╨╢╨╡ ╨┐╨╛╤А╨╛╨│╨░ 70.00%)[0m
[95m[BOTS][0m [2m05:43:09[0m - [96mINFO[0m - [94mYALA[0m: ╨б╨╕╨│╨╜╨░╨╗ ╨╕╨╖╨╝╨╡╨╜╨╡╨╜ ENTER_LONG тЖТ [94mWAIT[0m
[95m[BOTS][0m [2m05:43:09[0m - [96mINFO[0m - [94mYB[0m: ╨б╨╕╨│╨╜╨░╨╗ ╨╕╨╖╨╝╨╡╨╜╨╡╨╜ ENTER_LONG тЖТ [94mWAIT[0m
[95m[BOTS][0m [2m05:43:09[0m - [93mWARNING[0m - [93mYALA: тЪая╕П ╨Я╨а╨Х╨Ф╨г╨Я╨а╨Х╨Ц╨Ф╨Х╨Э╨Ш╨Х (AI): ╨Р╨╜╨╛╨╝╨░╨╗╨╕╤П MANIPULATION (severity: 61.97% - ╨╜╨╕╨╢╨╡ ╨┐╨╛╤А╨╛╨│╨░ 70.00%)[0m
[95m[BOTS][0m [2m05:43:09[0m - [96mINFO[0m - [94mYZY[0m: ╨б╨╕╨│╨╜╨░╨╗ ╨╕╨╖╨╝╨╡╨╜╨╡╨╜ ENTER_LONG тЖТ [94mWAIT[0m
[95m[BOTS][0m [2m05:43:09[0m - [96mINFO[0m - [94mZBT[0m: ╨б╨╕╨│╨╜╨░╨╗ ╨╕╨╖╨╝╨╡╨╜╨╡╨╜ ENTER_LONG тЖТ [94mWAIT[0m
[95m[BOTS][0m [2m05:43:09[0m - [96mINFO[0m - [94mZEREBRO[0m: ╨б╨╕╨│╨╜╨░╨╗ ╨╕╨╖╨╝╨╡╨╜╨╡╨╜ ENTER_LONG тЖТ [94mWAIT[0m
[95m[BOTS][0m [2m05:43:09[0m - [96mINFO[0m - [94mZEUS[0m: ╨б╨╕╨│╨╜╨░╨╗ ╨╕╨╖╨╝╨╡╨╜╨╡╨╜ ENTER_LONG тЖТ [94mWAIT[0m
[95m[BOTS][0m [2m05:43:09[0m - [96mINFO[0m - [94mZORA[0m: ╨б╨╕╨│╨╜╨░╨╗ ╨╕╨╖╨╝╨╡╨╜╨╡╨╜ ENTER_LONG тЖТ [94mWAIT[0m
[95m[BOTS][0m [2m05:43:10[0m - [93mWARNING[0m - [93mWHITEWHALE: тЪая╕П ╨Я╨а╨Х╨Ф╨г╨Я╨а╨Х╨Ц╨Ф╨Х╨Э╨Ш╨Х (AI): ╨Р╨╜╨╛╨╝╨░╨╗╨╕╤П MANIPULATION (severity: 53.75% - ╨╜╨╕╨╢╨╡ ╨┐╨╛╤А╨╛╨│╨░ 70.00%)[0m
[95m[BOTS][0m [2m05:43:10[0m - [93mWARNING[0m - [93mWET: тЪая╕П ╨Я╨а╨Х╨Ф╨г╨Я╨а╨Х╨Ц╨Ф╨Х╨Э╨Ш╨Х (AI): ╨Р╨╜╨╛╨╝╨░╨╗╨╕╤П MANIPULATION (severity: 66.45% - ╨╜╨╕╨╢╨╡ ╨┐╨╛╤А╨╛╨│╨░ 70.00%)[0m
[95m[BOTS][0m [2m05:43:10[0m - [96mINFO[0m - ЁЯУж [94mRSI[0m Batch [96m6[0m/[96m6[0m ╨╖╨░╨▓╨╡╤А╤И╨╡╨╜: [96m54[0m ╤Г╤Б╨┐╨╡╤Е╨╛╨▓ / [96m0[0m ╨╛╤И╨╕╨▒╨╛╨║ ╨╖╨░ [96m1.3[0ms
[95m[BOTS][0m [2m05:43:10[0m - [96mINFO[0m - ЁЯУК ╨Я╤А╨╛╨│╤А╨╡╤Б╤Б: [96m554[0m/[96m554[0m ([96m100[0m%)
[95m[BOTS][0m [2m05:43:10[0m - [96mINFO[0m - тЬЕ [96m554[0m ╨╝╨╛╨╜╨╡╤В | ╨б╨╕╨│╨╜╨░╨╗╤Л: [96m0[0m [94mLONG[0m + [96m1[0m [94mSHORT[0m
[95m[BOTS][0m [2m05:43:10[0m - [96mINFO[0m - тЬЕ ╨Ю╨▒╨╜╨╛╨▓╨╗╨╡╨╜╨╛ ╤Д╨╗╨░╨│╨╛╨▓: [96m512[0m ╨╖╤А╨╡╨╗╤Л╤Е ╨╕╨╖ [96m554[0m ╨╝╨╛╨╜╨╡╤В
[95m[BOTS][0m [2m05:43:10[0m - [96mINFO[0m - ЁЯФД ╨Ч╨░╨┤╨╡╤А╨╢╨║╨░ ╨╖╨░╨┐╤А╨╛╤Б╨╛╨▓ ╤Б╨▒╤А╨╛╤И╨╡╨╜╨░ ╨║ ╨▒╨░╨╖╨╛╨▓╨╛╨╝╤Г ╨╖╨╜╨░╤З╨╡╨╜╨╕╤О
[95m[BOTS][0m [2m05:43:10[0m - [96mINFO[0m - ЁЯУК [94mRSI[0m: ╨┐╨╛╨╗╨╜╨╛╨╡ ╨╛╨▒╨╜╨╛╨▓╨╗╨╡╨╜╨╕╨╡ ╨╖╨░╨▓╨╡╤А╤И╨╡╨╜╨╛ ╨╖╨░ [96m7.1[0ms
[95m[BOTS][0m [2m05:43:10[0m - [96mINFO[0m - ЁЯФД ЁЯУК load_all_coins_rsi() ╨▓╨╡╤А╨╜╤Г╨╗╨░: True
[95m[BOTS][0m [2m05:43:10[0m - [96mINFO[0m - ЁЯФД тЬЕ [94mRSI[0m ╤А╨░╤Б╤Б╤З╨╕╤В╨░╨╜ ╨╖╨░ [96m7.1[0m╤Б
[95m[BOTS][0m [2m05:43:10[0m - [96mINFO[0m - ЁЯФД ЁЯзо ╨н╤В╨░╨┐ [96m3[0m/[96m6[0m: ╨а╨░╤Б╤Б╤З╨╕╤В╤Л╨▓╨░╨╡╨╝ ╨╖╤А╨╡╨╗╨╛╤Б╤В╤М...
[95m[BOTS][0m [2m05:43:10[0m - [96mINFO[0m - ЁЯзо ╨Э╨░╤З╨╕╨╜╨░╨╡╨╝ ╨г╨Ь╨Э╨л╨Щ ╤А╨░╤Б╤З╨╡╤В ╨╖╤А╨╡╨╗╨╛╤Б╤В╨╕...
[95m[BOTS][0m [2m05:43:10[0m - [96mINFO[0m - ЁЯУК ╨Э╨░╨╣╨┤╨╡╨╜╨╛ [96m554[0m ╨╝╨╛╨╜╨╡╤В ╤Б [94mRSI[0m ╨┤╨░╨╜╨╜╤Л╨╝╨╕
[95m[BOTS][0m [2m05:43:10[0m - [96mINFO[0m - ЁЯФД ╨Ю╨▒╨╜╨╛╨▓╨╗╨╡╨╜╨╕╨╡ ╨╜╨╡╨╛╨▒╤Е╨╛╨┤╨╕╨╝╨╛:
[95m[BOTS][0m [2m05:43:10[0m - [96mINFO[0m - тЪЩя╕П ╨Ъ╨╛╨╜╤Д╨╕╨│ ╨╖╤А╨╡╨╗╨╛╤Б╤В╨╕ ╨╕╨╖╨╝╨╡╨╜╨╕╨╗╤Б╤П
[95m[BOTS][0m [2m05:43:10[0m - [96mINFO[0m - ЁЯОп ╨г╨Ь╨Э╨Р╨п ╨д╨Ш╨Ы╨м╨в╨а╨Р╨ж╨Ш╨п:
[95m[BOTS][0m [2m05:43:10[0m - [96mINFO[0m - ЁЯУК ╨г╨╢╨╡ ╨╖╤А╨╡╨╗╤Л╨╡ (╨┐╤А╨╛╨┐╤Г╤Б╨║╨░╨╡╨╝): [96m512[0m
[95m[BOTS][0m [2m05:43:10[0m - [96mINFO[0m - ЁЯУК ╨Э╤Г╨╢╨╜╨╛ ╨┐╤А╨╛╨▓╨╡╤А╨╕╤В╤М: [96m42[0m
[95m[BOTS][0m [2m05:43:10[0m - [96mINFO[0m - ЁЯУК ╨Я╤А╨╛╨│╤А╨╡╤Б╤Б: [96m1[0m/[96m42[0m ╨╝╨╛╨╜╨╡╤В ([96m2[0m%)
[95m[BOTS][0m [2m05:43:17[0m - [96mINFO[0m - ЁЯУК ╨Я╤А╨╛╨│╤А╨╡╤Б╤Б: [96m10[0m/[96m42[0m ╨╝╨╛╨╜╨╡╤В ([96m24[0m%)
